2026-10-07T15:15:09Z 730
2026-10-07T15:15:13Z 820
2026-10-07T15:15:16Z 720
2026-10-07T15:15:20Z 730
2026-10-07T15:15:24Z 790
2026-10-07T15:15:28Z 780
2026-10-07T15:15:31Z 730
2026-10-07T15:15:35Z 730
2026-10-07T15:15:39Z 770
2026-10-07T15:15:43Z 790
2026-10-07T15:15:46Z 760
2026-10-07T15:15:50Z 750
2026-10-07T15:15:54Z 730
2026-10-07T15:15:58Z 760
2026-10-07T15:16:01Z 740
2026-10-07T15:16:05Z 750
2026-10-07T15:16:09Z 740
2026-10-07T15:16:13Z 790
2026-10-07T15:16:16Z 780
2026-10-07T15:16:20Z 800
2026-10-07T15:16:24Z 720
2026-10-07T15:16:28Z 750
2026-10-07T15:16:31Z 710
2026-10-07T15:16:35Z 710
2026-10-07T15:16:39Z 710
2026-10-07T15:16:43Z 710
2026-10-07T15:16:46Z 730
2026-10-07T15:16:50Z 730
2026-10-07T15:16:54Z 720
2026-10-07T15:16:58Z 760
2026-10-07T15:17:01Z 710
2026-10-07T15:17:05Z 720
2026-10-07T15:17:09Z 780
2026-10-07T15:17:13Z 870
2026-10-07T15:17:17Z 910
2026-10-07T15:17:20Z 860
2026-10-07T15:17:25Z 1160
2026-10-07T15:17:29Z 1010
2026-10-07T15:17:33Z 920
2026-10-07T15:17:37Z 1020
2026-10-07T15:17:41Z 1020
2026-10-07T15:17:45Z 1020
2026-10-07T15:17:49Z 970
2026-10-07T15:17:53Z 1030
2026-10-07T15:17:57Z 950
2026-10-07T15:18:01Z 970
2026-10-07T15:18:05Z 980
2026-10-07T15:18:09Z 1060
2026-10-07T15:18:13Z 930
2026-10-07T15:18:17Z 970
2026-10-07T15:18:20Z 960
2026-10-07T15:18:25Z 1040
2026-10-07T15:18:29Z 1120
2026-10-07T15:18:33Z 950
2026-10-07T15:18:37Z 1010
2026-10-07T15:18:41Z 1070
2026-10-07T15:18:45Z 1060
2026-10-07T15:18:49Z 1110
2026-10-07T15:18:53Z 1050
2026-10-07T15:18:57Z 940
2026-10-07T15:19:01Z 1060
2026-10-07T15:19:05Z 1090
2026-10-07T15:19:09Z 1010
2026-10-07T15:19:13Z 1000
2026-10-07T15:19:17Z 1110
2026-10-07T15:19:21Z 1020
2026-10-07T15:19:25Z 990
2026-10-07T15:19:29Z 990
2026-10-07T15:19:33Z 1030
2026-10-07T15:19:37Z 1060
2026-10-07T15:19:41Z 1060
2026-10-07T15:19:45Z 1010
2026-10-07T15:19:49Z 1020
2026-10-07T15:19:53Z 1050
2026-10-07T15:19:57Z 1050
2026-10-07T15:20:01Z 1000
2026-10-07T15:20:06Z 1050
2026-10-07T15:20:10Z 1080
2026-10-07T15:20:14Z 1130
2026-10-07T15:20:18Z 1190
2026-10-07T15:20:22Z 1000
2026-10-07T15:20:26Z 1020
2026-10-07T15:20:30Z 1160
2026-10-07T15:20:34Z 1020
2026-10-07T15:20:38Z 1170
2026-10-07T15:20:42Z 1040
2026-10-07T15:20:46Z 1080
2026-10-07T15:20:51Z 1050
2026-10-07T15:20:55Z 990
2026-10-07T15:20:59Z 1100
2026-10-07T15:21:03Z 1090
2026-10-07T15:21:07Z 1110
2026-10-07T15:21:11Z 1100
2026-10-07T15:21:15Z 1160
2026-10-07T15:21:19Z 1200
2026-10-07T15:21:23Z 1110
2026-10-07T15:21:28Z 1190
2026-10-07T15:21:32Z 1200
2026-10-07T15:21:36Z 1250
2026-10-07T15:21:40Z 1210
2026-10-07T15:21:44Z 1110
2026-10-07T15:21:49Z 1340
2026-10-07T15:21:53Z 1390
2026-10-07T15:21:57Z 1240
2026-10-07T15:22:02Z 1190
2026-10-07T15:22:06Z 1200
2026-10-07T15:22:10Z 1260
2026-10-07T15:22:14Z 1160
2026-10-07T15:22:18Z 1300
2026-10-07T15:22:23Z 1310
2026-10-07T15:22:27Z 1070
2026-10-07T15:22:31Z 1280
2026-10-07T15:22:35Z 1090
2026-10-07T15:22:39Z 1190
2026-10-07T15:22:44Z 1180
2026-10-07T15:22:48Z 1130
2026-10-07T15:22:52Z 1080
2026-10-07T15:22:56Z 1200
2026-10-07T15:23:00Z 1110
2026-10-07T15:23:04Z 1110
2026-10-07T15:23:08Z 1210
2026-10-07T15:23:13Z 1240
2026-10-07T15:23:17Z 1120
2026-10-07T15:23:21Z 1120
2026-10-07T15:23:25Z 1130
2026-10-07T15:23:29Z 1130
2026-10-07T15:23:33Z 1070
2026-10-07T15:23:37Z 1010
2026-10-07T15:23:41Z 1060
2026-10-07T15:23:45Z 1050
2026-10-07T15:23:50Z 1190
2026-10-07T15:23:54Z 1070
2026-10-07T15:23:58Z 1270
2026-10-07T15:24:02Z 1120
2026-10-07T15:24:06Z 1190
2026-10-07T15:24:10Z 1160
2026-10-07T15:24:15Z 1150
2026-10-07T15:24:19Z 1250
2026-10-07T15:24:23Z 1270
2026-10-07T15:24:27Z 1170
2026-10-07T15:24:31Z 1240
2026-10-07T15:24:36Z 1120
2026-10-07T15:24:40Z 1050
2026-10-07T15:24:44Z 1050
2026-10-07T15:24:48Z 1240
2026-10-07T15:24:52Z 1180
2026-10-07T15:24:56Z 1110
2026-10-07T15:25:00Z 1060
2026-10-07T15:25:04Z 1060
2026-10-07T15:25:09Z 1220
2026-10-07T15:25:13Z 1130
2026-10-07T15:25:17Z 1050
2026-10-07T15:25:21Z 1170
2026-10-07T15:25:25Z 1030
2026-10-07T15:25:29Z 1100
2026-10-07T15:25:33Z 1040
2026-10-07T15:25:37Z 1060
2026-10-07T15:25:41Z 1100
2026-10-07T15:25:46Z 1210
2026-10-07T15:25:50Z 1120
2026-10-07T15:25:54Z 1070
2026-10-07T15:25:58Z 1170
2026-10-07T15:26:02Z 1070
2026-10-07T15:26:06Z 1080
2026-10-07T15:26:10Z 1090
2026-10-07T15:26:14Z 1140
2026-10-07T15:26:19Z 1220
2026-10-07T15:26:23Z 1140
2026-10-07T15:26:27Z 1120
2026-10-07T15:26:31Z 1180
2026-10-07T15:26:35Z 1080
2026-10-07T15:26:39Z 1290
2026-10-07T15:26:44Z 1180
2026-10-07T15:26:48Z 1220
2026-10-07T15:26:52Z 1210
2026-10-07T15:26:56Z 1100
2026-10-07T15:27:00Z 1220
2026-10-07T15:27:04Z 1080
2026-10-07T15:27:09Z 1440
2026-10-07T15:27:13Z 1210
2026-10-07T15:27:17Z 1200
2026-10-07T15:27:21Z 1210
2026-10-07T15:27:26Z 1370
2026-10-07T15:27:30Z 1110
2026-10-07T15:27:34Z 1130
2026-10-07T15:27:38Z 1340
2026-10-07T15:27:43Z 1190
2026-10-07T15:27:47Z 1120
2026-10-07T15:27:51Z 1090
2026-10-07T15:27:55Z 1080
2026-10-07T15:27:59Z 1120
2026-10-07T15:28:03Z 1230
2026-10-07T15:28:07Z 1100
2026-10-07T15:28:11Z 1130
2026-10-07T15:28:16Z 1210
2026-10-07T15:28:20Z 1210
2026-10-07T15:28:24Z 1180
2026-10-07T15:28:28Z 1330
2026-10-07T15:28:33Z 1190
2026-10-07T15:28:37Z 1120
2026-10-07T15:28:41Z 1170
2026-10-07T15:28:45Z 1110
2026-10-07T15:28:49Z 1180
2026-10-07T15:28:53Z 1120
2026-10-07T15:28:58Z 1190
2026-10-07T15:29:02Z 1210
2026-10-07T15:29:06Z 1290
2026-10-07T15:29:10Z 1250
2026-10-07T15:29:14Z 1090
2026-10-07T15:29:19Z 1240
2026-10-07T15:29:23Z 1180
2026-10-07T15:29:27Z 1040
2026-10-07T15:29:31Z 1110
2026-10-07T15:29:35Z 1250
2026-10-07T15:29:39Z 1130
2026-10-07T15:29:43Z 1080
2026-10-07T15:29:48Z 1450
2026-10-07T15:29:52Z 1200
2026-10-07T15:29:56Z 1280
2026-10-07T15:30:01Z 1240
2026-10-07T15:30:05Z 1390
2026-10-07T15:30:10Z 1480
2026-10-07T15:30:14Z 1240
2026-10-07T15:30:18Z 1210
2026-10-07T15:30:22Z 1140
2026-10-07T15:30:26Z 1160
2026-10-07T15:30:31Z 1310
2026-10-07T15:30:35Z 1160
2026-10-07T15:30:39Z 1230
2026-10-07T15:30:43Z 1190
2026-10-07T15:30:47Z 1140
2026-10-07T15:30:51Z 1110
2026-10-07T15:30:56Z 1160
2026-10-07T15:31:00Z 1070
2026-10-07T15:31:04Z 1090
2026-10-07T15:31:08Z 1150
2026-10-07T15:31:12Z 1160
2026-10-07T15:31:16Z 1050
2026-10-07T15:31:20Z 1140
2026-10-07T15:31:24Z 1040
2026-10-07T15:31:29Z 1180
2026-10-07T15:31:33Z 1160
2026-10-07T15:31:37Z 1110
2026-10-07T15:31:41Z 1190
2026-10-07T15:31:45Z 1270
2026-10-07T15:31:49Z 1150
2026-10-07T15:31:54Z 1200
2026-10-07T15:31:58Z 1170
2026-10-07T15:32:02Z 1350
2026-10-07T15:32:07Z 1400
2026-10-07T15:32:11Z 1210
2026-10-07T15:32:15Z 1200
2026-10-07T15:32:19Z 1360
2026-10-07T15:32:24Z 1230
2026-10-07T15:32:28Z 1260
2026-10-07T15:32:32Z 1200
2026-10-07T15:32:36Z 1110
2026-10-07T15:32:40Z 1380
2026-10-07T15:32:45Z 1270
2026-10-07T15:32:49Z 1420
2026-10-07T15:32:54Z 1320
2026-10-07T15:32:58Z 1210
2026-10-07T15:33:02Z 1240
2026-10-07T15:33:06Z 1290
2026-10-07T15:33:11Z 1290
2026-10-07T15:33:15Z 1280
2026-10-07T15:33:19Z 1300
2026-10-07T15:33:23Z 1280
2026-10-07T15:33:28Z 1240
2026-10-07T15:33:32Z 1370
2026-10-07T15:33:36Z 1330
2026-10-07T15:33:41Z 1310
2026-10-07T15:33:45Z 1230
2026-10-07T15:33:49Z 1370
2026-10-07T15:33:54Z 1500
2026-10-07T15:33:58Z 1340
2026-10-07T15:34:03Z 1380
2026-10-07T15:34:07Z 1260
2026-10-07T15:34:11Z 1270
2026-10-07T15:34:15Z 1380
2026-10-07T15:34:20Z 1290
2026-10-07T15:34:24Z 1270
2026-10-07T15:34:28Z 1350
2026-10-07T15:34:33Z 1300
2026-10-07T15:34:37Z 1240
2026-10-07T15:34:41Z 1190
2026-10-07T15:34:45Z 1150
2026-10-07T15:34:50Z 1230
2026-10-07T15:34:54Z 1250
2026-10-07T15:34:58Z 1210
2026-10-07T15:35:02Z 1270
2026-10-07T15:35:06Z 1230
2026-10-07T15:35:11Z 1220
2026-10-07T15:35:15Z 1230
2026-10-07T15:35:19Z 1220
2026-10-07T15:35:23Z 1170
2026-10-07T15:35:27Z 1130
2026-10-07T15:35:32Z 1180
2026-10-07T15:35:36Z 1110
2026-10-07T15:35:40Z 1150
2026-10-07T15:35:44Z 1080
2026-10-07T15:35:48Z 1210
2026-10-07T15:35:52Z 1120
2026-10-07T15:35:57Z 1510
2026-10-07T15:36:01Z 1210
2026-10-07T15:36:05Z 1260
2026-10-07T15:36:10Z 1220
2026-10-07T15:36:14Z 1250
2026-10-07T15:36:18Z 1060
2026-10-07T15:36:22Z 1070
2026-10-07T15:36:26Z 1160
2026-10-07T15:36:30Z 1180
2026-10-07T15:36:34Z 1100
2026-10-07T15:36:39Z 1160
2026-10-07T15:36:43Z 1050
2026-10-07T15:36:47Z 1120
2026-10-07T15:36:51Z 1120
2026-10-07T15:36:55Z 1110
2026-10-07T15:36:59Z 1200
2026-10-07T15:37:03Z 1130
2026-10-07T15:37:07Z 1070
2026-10-07T15:37:11Z 1050
2026-10-07T15:37:16Z 1110
2026-10-07T15:37:20Z 1080
2026-10-07T15:37:24Z 1070
2026-10-07T15:37:28Z 1150
2026-10-07T15:37:32Z 1060
2026-10-07T15:37:36Z 1100
2026-10-07T15:37:40Z 1110
2026-10-07T15:37:44Z 1130
2026-10-07T15:37:48Z 1140
2026-10-07T15:37:53Z 1060
2026-10-07T15:37:57Z 1050
2026-10-07T15:38:01Z 1060
2026-10-07T15:38:05Z 1130
2026-10-07T15:38:09Z 1190
2026-10-07T15:38:13Z 1080
2026-10-07T15:38:17Z 1060
2026-10-07T15:38:21Z 1060
2026-10-07T15:38:25Z 1140
2026-10-07T15:38:29Z 1150
2026-10-07T15:38:34Z 1140
2026-10-07T15:38:38Z 1100
2026-10-07T15:38:42Z 1060
2026-10-07T15:38:46Z 1120
2026-10-07T15:38:50Z 1160
2026-10-07T15:38:54Z 1300
2026-10-07T15:38:59Z 1140
2026-10-07T15:39:03Z 1170
2026-10-07T15:39:07Z 1150
2026-10-07T15:39:11Z 1080
2026-10-07T15:39:15Z 1110
2026-10-07T15:39:19Z 1300
2026-10-07T15:39:24Z 1150
2026-10-07T15:39:28Z 1130
2026-10-07T15:39:32Z 1270
2026-10-07T15:39:36Z 1230
2026-10-07T15:39:40Z 1140
2026-10-07T15:39:45Z 1200
2026-10-07T15:39:49Z 1340
2026-10-07T15:39:53Z 1150
2026-10-07T15:39:57Z 1110
2026-10-07T15:40:01Z 1300
2026-10-07T15:40:06Z 1340
2026-10-07T15:40:10Z 1320
2026-10-07T15:40:14Z 1220
2026-10-07T15:40:19Z 1310
2026-10-07T15:40:23Z 1160
2026-10-07T15:40:27Z 1200
2026-10-07T15:40:31Z 1440
2026-10-07T15:40:36Z 1340
2026-10-07T15:40:40Z 1250
2026-10-07T15:40:44Z 1260
2026-10-07T15:40:49Z 1340
2026-10-07T15:40:53Z 1250
2026-10-07T15:40:57Z 1180
2026-10-07T15:41:01Z 1270
2026-10-07T15:41:06Z 1180
2026-10-07T15:41:10Z 1170
2026-10-07T15:41:14Z 1240
2026-10-07T15:41:18Z 1160
2026-10-07T15:41:22Z 1230
2026-10-07T15:41:26Z 1150
2026-10-07T15:41:31Z 1300
2026-10-07T15:41:35Z 1170
2026-10-07T15:41:39Z 1310
2026-10-07T15:41:43Z 1210
2026-10-07T15:41:48Z 1200
2026-10-07T15:41:52Z 1160
2026-10-07T15:41:56Z 1110
2026-10-07T15:42:00Z 1160
2026-10-07T15:42:04Z 1110
2026-10-07T15:42:08Z 1180
2026-10-07T15:42:13Z 1190
2026-10-07T15:42:17Z 1160
2026-10-07T15:42:21Z 1140
2026-10-07T15:42:25Z 1240
2026-10-07T15:42:29Z 1150
2026-10-07T15:42:33Z 1150
2026-10-07T15:42:38Z 1160
2026-10-07T15:42:42Z 1240
2026-10-07T15:42:46Z 1070
2026-10-07T15:42:50Z 1050
2026-10-07T15:42:54Z 1030
2026-10-07T15:42:58Z 1080
2026-10-07T15:43:02Z 1110
2026-10-07T15:43:06Z 1040
2026-10-07T15:43:10Z 1040
2026-10-07T15:43:14Z 1070
2026-10-07T15:43:18Z 1050
2026-10-07T15:43:22Z 1030
2026-10-07T15:43:26Z 1000
2026-10-07T15:43:31Z 1070
2026-10-07T15:43:35Z 1080
2026-10-07T15:43:39Z 1270
2026-10-07T15:43:43Z 1090
2026-10-07T15:43:47Z 970
2026-10-07T15:43:51Z 1200
2026-10-07T15:43:55Z 1090
2026-10-07T15:43:59Z 1130
2026-10-07T15:44:04Z 1130
2026-10-07T15:44:08Z 1070
2026-10-07T15:44:12Z 1010
2026-10-07T15:44:16Z 1110
2026-10-07T15:44:20Z 1070
2026-10-07T15:44:24Z 1070
2026-10-07T15:44:28Z 1120
2026-10-07T15:44:32Z 1170
2026-10-07T15:44:36Z 1120
2026-10-07T15:44:40Z 1140
2026-10-07T15:44:45Z 1110
2026-10-07T15:44:49Z 1160
2026-10-07T15:44:53Z 1150
2026-10-07T15:44:57Z 1090
2026-10-07T15:45:01Z 1070
2026-10-07T15:45:05Z 1080
2026-10-07T15:45:09Z 1190
2026-10-07T15:45:14Z 1210
2026-10-07T15:45:18Z 1170
2026-10-07T15:45:22Z 1070
2026-10-07T15:45:26Z 1210
2026-10-07T15:45:30Z 1090
2026-10-07T15:45:34Z 1110
2026-10-07T15:45:38Z 1020
2026-10-07T15:45:42Z 1070
2026-10-07T15:45:46Z 1140
2026-10-07T15:45:51Z 1130
2026-10-07T15:45:55Z 1190
2026-10-07T15:45:59Z 1240
2026-10-07T15:46:03Z 1120
2026-10-07T15:46:07Z 1110
2026-10-07T15:46:11Z 1160
2026-10-07T15:46:16Z 1050
2026-10-07T15:46:20Z 1150
2026-10-07T15:46:24Z 1020
2026-10-07T15:46:28Z 1030
2026-10-07T15:46:32Z 1120
2026-10-07T15:46:36Z 1080
2026-10-07T15:46:40Z 1070
2026-10-07T15:46:44Z 1110
2026-10-07T15:46:48Z 1060
2026-10-07T15:46:52Z 1280
2026-10-07T15:46:57Z 1140
2026-10-07T15:47:01Z 1350
2026-10-07T15:47:05Z 1120
2026-10-07T15:47:09Z 1300
2026-10-07T15:47:14Z 1190
2026-10-07T15:47:18Z 1130
2026-10-07T15:47:22Z 1060
2026-10-07T15:47:26Z 1030
2026-10-07T15:47:30Z 1030
2026-10-07T15:47:34Z 1070
2026-10-07T15:47:38Z 1180
2026-10-07T15:47:42Z 1180
2026-10-07T15:47:46Z 1190
2026-10-07T15:47:51Z 1110
2026-10-07T15:47:55Z 1040
2026-10-07T15:47:59Z 1100
2026-10-07T15:48:03Z 1110
2026-10-07T15:48:07Z 1160
2026-10-07T15:48:11Z 1260
2026-10-07T15:48:15Z 1250
2026-10-07T15:48:20Z 1230
2026-10-07T15:48:24Z 1230
2026-10-07T15:48:28Z 1240
2026-10-07T15:48:32Z 1150
2026-10-07T15:48:37Z 1170
2026-10-07T15:48:41Z 1250
2026-10-07T15:48:45Z 1110
2026-10-07T15:48:49Z 1400
2026-10-07T15:48:53Z 1140
2026-10-07T15:48:58Z 1250
2026-10-07T15:49:02Z 1070
2026-10-07T15:49:06Z 1040
2026-10-07T15:49:10Z 1150
2026-10-07T15:49:14Z 1000
2026-10-07T15:49:18Z 1240
2026-10-07T15:49:22Z 1120
2026-10-07T15:49:26Z 1080
2026-10-07T15:49:31Z 1270
2026-10-07T15:49:35Z 1220
2026-10-07T15:49:39Z 1050
2026-10-07T15:49:43Z 1150
2026-10-07T15:49:47Z 1140
2026-10-07T15:49:51Z 1220
2026-10-07T15:49:56Z 1020
2026-10-07T15:50:00Z 1120
2026-10-07T15:50:04Z 1200
2026-10-07T15:50:08Z 1110
2026-10-07T15:50:12Z 1120
2026-10-07T15:50:16Z 1210
2026-10-07T15:50:20Z 1180
2026-10-07T15:50:25Z 1360
2026-10-07T15:50:29Z 1130
2026-10-07T15:50:33Z 1250
2026-10-07T15:50:37Z 1010
2026-10-07T15:50:41Z 1120
2026-10-07T15:50:46Z 1230
2026-10-07T15:50:50Z 1090
2026-10-07T15:50:54Z 1140
2026-10-07T15:50:58Z 1230
2026-10-07T15:51:02Z 1150
2026-10-07T15:51:06Z 1150
2026-10-07T15:51:11Z 1270
2026-10-07T15:51:15Z 1140
2026-10-07T15:51:19Z 1170
2026-10-07T15:51:23Z 1180
2026-10-07T15:51:27Z 1110
2026-10-07T15:51:31Z 1210
2026-10-07T15:51:36Z 1130
2026-10-07T15:51:40Z 1120
2026-10-07T15:51:44Z 1110
2026-10-07T15:51:48Z 1180
2026-10-07T15:51:52Z 1180
2026-10-07T15:51:56Z 1140
2026-10-07T15:52:00Z 1100
2026-10-07T15:52:05Z 1140
2026-10-07T15:52:09Z 1080
2026-10-07T15:52:13Z 840
2026-10-07T15:52:16Z 790
2026-10-07T15:52:20Z 770
2026-10-07T15:52:24Z 810
2026-10-07T15:52:28Z 760
2026-10-07T15:52:31Z 760
2026-10-07T15:52:35Z 760
2026-10-07T15:52:39Z 760
2026-10-07T15:52:43Z 790
2026-10-07T15:52:47Z 770
2026-10-07T15:52:50Z 760
2026-10-07T15:52:54Z 750
2026-10-07T15:52:58Z 760
2026-10-07T15:53:02Z 830
2026-10-07T15:53:06Z 890
2026-10-07T15:53:09Z 770
2026-10-07T15:53:13Z 830
2026-10-07T15:53:17Z 800
2026-10-07T15:53:21Z 840
2026-10-07T15:53:25Z 740
2026-10-07T15:53:28Z 760
2026-10-07T15:53:32Z 740
2026-10-07T15:53:36Z 730
2026-10-07T15:53:40Z 740
2026-10-07T15:53:43Z 740
2026-10-07T15:53:47Z 740
2026-10-07T15:53:51Z 940
2026-10-07T15:53:55Z 780
2026-10-07T15:53:58Z 730
2026-10-07T15:54:02Z 840
2026-10-07T15:54:06Z 790
2026-10-07T15:54:10Z 760
2026-10-07T15:54:14Z 740
2026-10-07T15:54:17Z 770
2026-10-07T15:54:21Z 800
2026-10-07T15:54:25Z 730
2026-10-07T15:54:29Z 750
2026-10-07T15:54:32Z 710
2026-10-07T15:54:36Z 710
2026-10-07T15:54:40Z 740
2026-10-07T15:54:44Z 740
2026-10-07T15:54:47Z 730
2026-10-07T15:54:51Z 770
2026-10-07T15:54:55Z 770
2026-10-07T15:54:59Z 790
2026-10-07T15:55:02Z 730
2026-10-07T15:55:06Z 730
2026-10-07T15:55:10Z 770
2026-10-07T15:55:14Z 780
2026-10-07T15:55:17Z 750
2026-10-07T15:55:21Z 770
2026-10-07T15:55:25Z 740
2026-10-07T15:55:29Z 780
2026-10-07T15:55:32Z 770
2026-10-07T15:55:36Z 790
2026-10-07T15:55:40Z 740
2026-10-07T15:55:44Z 780
2026-10-07T15:55:48Z 740
2026-10-07T15:55:51Z 800
2026-10-07T15:55:55Z 740
2026-10-07T15:55:59Z 750
2026-10-07T15:56:03Z 770
2026-10-07T15:56:06Z 770
2026-10-07T15:56:10Z 740
2026-10-07T15:56:14Z 790
2026-10-07T15:56:18Z 770
2026-10-07T15:56:21Z 780
2026-10-07T15:56:25Z 750
2026-10-07T15:56:29Z 760
2026-10-07T15:56:33Z 770
2026-10-07T15:56:36Z 750
2026-10-07T15:56:40Z 750
2026-10-07T15:56:44Z 780
2026-10-07T15:56:48Z 740
2026-10-07T15:56:52Z 790
2026-10-07T15:56:55Z 800
2026-10-07T15:56:59Z 760
2026-10-07T15:57:03Z 750
2026-10-07T15:57:07Z 800
2026-10-07T15:57:10Z 760
2026-10-07T15:57:14Z 790
2026-10-07T15:57:18Z 750
2026-10-07T15:57:22Z 750
2026-10-07T15:57:26Z 790
2026-10-07T15:57:29Z 760
2026-10-07T15:57:33Z 780
2026-10-07T15:57:37Z 820
2026-10-07T15:57:41Z 770
2026-10-07T15:57:44Z 750
2026-10-07T15:57:48Z 720
2026-10-07T15:57:52Z 780
2026-10-07T15:57:56Z 770
2026-10-07T15:57:59Z 730
2026-10-07T15:58:03Z 730
2026-10-07T15:58:07Z 760
2026-10-07T15:58:11Z 760
2026-10-07T15:58:14Z 740
2026-10-07T15:58:18Z 750
2026-10-07T15:58:22Z 730
2026-10-07T15:58:26Z 720
2026-10-07T15:58:29Z 700
2026-10-07T15:58:33Z 720
2026-10-07T15:58:37Z 710
2026-10-07T15:58:41Z 730
2026-10-07T15:58:44Z 710
2026-10-07T15:58:48Z 710
2026-10-07T15:58:52Z 720
2026-10-07T15:58:55Z 720
2026-10-07T15:58:59Z 750
2026-10-07T15:59:03Z 720
2026-10-07T15:59:07Z 760
2026-10-07T15:59:10Z 700
2026-10-07T15:59:14Z 700
2026-10-07T15:59:18Z 750
2026-10-07T15:59:22Z 710
2026-10-07T15:59:25Z 720
2026-10-07T15:59:29Z 700
2026-10-07T15:59:33Z 730
2026-10-07T15:59:36Z 690
2026-10-07T15:59:40Z 710
2026-10-07T15:59:44Z 710
2026-10-07T15:59:48Z 700
2026-10-07T15:59:51Z 720
2026-10-07T15:59:55Z 740
2026-10-07T15:59:59Z 710
2026-10-07T16:00:02Z 700
2026-10-07T16:00:06Z 730
2026-10-07T16:00:10Z 740
2026-10-07T16:00:14Z 720
2026-10-07T16:00:17Z 760
2026-10-07T16:00:21Z 760
2026-10-07T16:00:25Z 720
2026-10-07T16:00:29Z 700
2026-10-07T16:00:32Z 700
2026-10-07T16:00:36Z 710
2026-10-07T16:00:40Z 730
2026-10-07T16:00:43Z 750
2026-10-07T16:00:47Z 710
2026-10-07T16:00:51Z 760
2026-10-07T16:00:55Z 730
2026-10-07T16:00:58Z 710
2026-10-07T16:01:02Z 720
2026-10-07T16:01:06Z 720
2026-10-07T16:01:10Z 760
2026-10-07T16:01:13Z 730
2026-10-07T16:01:17Z 710
2026-10-07T16:01:21Z 770
2026-10-07T16:01:25Z 750
2026-10-07T16:01:28Z 760
2026-10-07T16:01:32Z 750
2026-10-07T16:01:36Z 770
2026-10-07T16:01:40Z 810
2026-10-07T16:01:43Z 750
2026-10-07T16:01:47Z 770
2026-10-07T16:01:51Z 720
2026-10-07T16:01:55Z 770
2026-10-07T16:01:58Z 740
2026-10-07T16:02:02Z 710
2026-10-07T16:02:06Z 750
2026-10-07T16:02:10Z 750
2026-10-07T16:02:14Z 990
2026-10-07T16:02:18Z 950
2026-10-07T16:02:22Z 1080
2026-10-07T16:02:26Z 950
2026-10-07T16:02:30Z 990
2026-10-07T16:02:34Z 940
2026-10-07T16:02:38Z 990
2026-10-07T16:02:42Z 1040
2026-10-07T16:02:46Z 1020
2026-10-07T16:02:50Z 1010
2026-10-07T16:02:54Z 1010
2026-10-07T16:02:58Z 980
2026-10-07T16:03:02Z 1030
2026-10-07T16:03:06Z 980
2026-10-07T16:03:10Z 1080
2026-10-07T16:03:14Z 1000
2026-10-07T16:03:18Z 990
2026-10-07T16:03:22Z 1130
2026-10-07T16:03:26Z 1120
2026-10-07T16:03:30Z 1070
2026-10-07T16:03:34Z 1060
2026-10-07T16:03:38Z 1080
2026-10-07T16:03:42Z 1070
2026-10-07T16:03:46Z 1080
2026-10-07T16:03:50Z 1010
2026-10-07T16:03:54Z 990
2026-10-07T16:03:58Z 1000
2026-10-07T16:04:02Z 1010
2026-10-07T16:04:06Z 970
2026-10-07T16:04:10Z 1020
2026-10-07T16:04:14Z 990
2026-10-07T16:04:18Z 980
2026-10-07T16:04:22Z 970
2026-10-07T16:04:26Z 1040
2026-10-07T16:04:30Z 1070
2026-10-07T16:04:34Z 970
2026-10-07T16:04:39Z 1060
2026-10-07T16:04:43Z 1000
2026-10-07T16:04:47Z 1120
2026-10-07T16:04:51Z 1060
2026-10-07T16:04:55Z 1170
2026-10-07T16:04:59Z 1110
2026-10-07T16:05:03Z 1080
2026-10-07T16:05:07Z 1180
2026-10-07T16:05:11Z 1160
2026-10-07T16:05:16Z 1270
2026-10-07T16:05:20Z 1140
2026-10-07T16:05:24Z 1150
2026-10-07T16:05:28Z 1160
2026-10-07T16:05:32Z 1210
2026-10-07T16:05:36Z 1130
2026-10-07T16:05:41Z 1180
2026-10-07T16:05:45Z 1370
2026-10-07T16:05:49Z 1240
2026-10-07T16:05:54Z 1330
2026-10-07T16:05:58Z 1270
2026-10-07T16:06:02Z 1460
2026-10-07T16:06:07Z 1310
2026-10-07T16:06:11Z 1260
2026-10-07T16:06:15Z 1370
2026-10-07T16:06:20Z 1250
2026-10-07T16:06:24Z 1340
2026-10-07T16:06:28Z 1200
2026-10-07T16:06:32Z 1310
2026-10-07T16:06:37Z 1250
2026-10-07T16:06:41Z 1170
2026-10-07T16:06:45Z 1260
2026-10-07T16:06:49Z 1180
2026-10-07T16:06:54Z 1300
2026-10-07T16:06:58Z 1230
2026-10-07T16:07:02Z 1270
2026-10-07T16:07:06Z 1220
2026-10-07T16:07:10Z 1110
2026-10-07T16:07:14Z 900
2026-10-07T16:07:18Z 800
2026-10-07T16:07:22Z 880
2026-10-07T16:07:26Z 810
2026-10-07T16:07:30Z 810
