2026-10-07T15:15:08Z 750
2026-10-07T15:15:12Z 900
2026-10-07T15:15:16Z 740
2026-10-07T15:15:20Z 720
2026-10-07T15:15:24Z 790
2026-10-07T15:15:27Z 760
2026-10-07T15:15:31Z 700
2026-10-07T15:15:35Z 720
2026-10-07T15:15:39Z 740
2026-10-07T15:15:42Z 780
2026-10-07T15:15:46Z 740
2026-10-07T15:15:50Z 760
2026-10-07T15:15:54Z 730
2026-10-07T15:15:57Z 760
2026-10-07T15:16:01Z 730
2026-10-07T15:16:05Z 720
2026-10-07T15:16:08Z 700
2026-10-07T15:16:12Z 790
2026-10-07T15:16:16Z 760
2026-10-07T15:16:20Z 750
2026-10-07T15:16:23Z 700
2026-10-07T15:16:27Z 720
2026-10-07T15:16:31Z 710
2026-10-07T15:16:35Z 710
2026-10-07T15:16:38Z 700
2026-10-07T15:16:42Z 730
2026-10-07T15:16:46Z 710
2026-10-07T15:16:50Z 710
2026-10-07T15:16:53Z 700
2026-10-07T15:16:57Z 740
2026-10-07T15:17:01Z 680
2026-10-07T15:17:04Z 710
2026-10-07T15:17:08Z 700
2026-10-07T15:17:12Z 880
2026-10-07T15:17:16Z 900
2026-10-07T15:17:20Z 920
2026-10-07T15:17:24Z 1010
2026-10-07T15:17:28Z 1020
2026-10-07T15:17:32Z 980
2026-10-07T15:17:36Z 930
2026-10-07T15:17:40Z 1030
2026-10-07T15:17:44Z 1100
2026-10-07T15:17:48Z 1010
2026-10-07T15:17:52Z 1000
2026-10-07T15:17:56Z 930
2026-10-07T15:18:00Z 990
2026-10-07T15:18:04Z 990
2026-10-07T15:18:08Z 1080
2026-10-07T15:18:12Z 1000
2026-10-07T15:18:16Z 1110
2026-10-07T15:18:20Z 1020
2026-10-07T15:18:24Z 980
2026-10-07T15:18:28Z 1080
2026-10-07T15:18:32Z 940
2026-10-07T15:18:36Z 1010
2026-10-07T15:18:40Z 1060
2026-10-07T15:18:44Z 1000
2026-10-07T15:18:48Z 1030
2026-10-07T15:18:52Z 980
2026-10-07T15:18:56Z 930
2026-10-07T15:19:00Z 1010
2026-10-07T15:19:04Z 980
2026-10-07T15:19:08Z 1090
2026-10-07T15:19:12Z 990
2026-10-07T15:19:16Z 1010
2026-10-07T15:19:20Z 1000
2026-10-07T15:19:24Z 1000
2026-10-07T15:19:28Z 1000
2026-10-07T15:19:32Z 1040
2026-10-07T15:19:36Z 1040
2026-10-07T15:19:40Z 1060
2026-10-07T15:19:44Z 960
2026-10-07T15:19:48Z 1150
2026-10-07T15:19:52Z 1050
2026-10-07T15:19:56Z 980
2026-10-07T15:20:00Z 980
2026-10-07T15:20:04Z 1000
2026-10-07T15:20:08Z 1070
2026-10-07T15:20:13Z 1100
2026-10-07T15:20:17Z 1010
2026-10-07T15:20:21Z 1150
2026-10-07T15:20:25Z 1110
2026-10-07T15:20:29Z 1040
2026-10-07T15:20:33Z 1020
2026-10-07T15:20:37Z 1150
2026-10-07T15:20:41Z 1060
2026-10-07T15:20:45Z 1030
2026-10-07T15:20:49Z 990
2026-10-07T15:20:53Z 960
2026-10-07T15:20:57Z 1100
2026-10-07T15:21:01Z 1030
2026-10-07T15:21:05Z 1030
2026-10-07T15:21:09Z 1100
2026-10-07T15:21:13Z 1080
2026-10-07T15:21:18Z 1200
2026-10-07T15:21:22Z 1180
2026-10-07T15:21:26Z 1110
2026-10-07T15:21:30Z 1200
2026-10-07T15:21:34Z 1320
2026-10-07T15:21:39Z 1240
2026-10-07T15:21:43Z 1130
2026-10-07T15:21:47Z 1340
2026-10-07T15:21:51Z 1180
2026-10-07T15:21:56Z 1240
2026-10-07T15:22:00Z 1420
2026-10-07T15:22:04Z 1130
2026-10-07T15:22:09Z 1420
2026-10-07T15:22:13Z 1140
2026-10-07T15:22:17Z 1050
2026-10-07T15:22:21Z 1190
2026-10-07T15:22:25Z 1200
2026-10-07T15:22:29Z 1160
2026-10-07T15:22:33Z 1100
2026-10-07T15:22:38Z 1240
2026-10-07T15:22:42Z 1150
2026-10-07T15:22:46Z 1030
2026-10-07T15:22:50Z 1220
2026-10-07T15:22:54Z 1190
2026-10-07T15:22:59Z 1220
2026-10-07T15:23:03Z 1170
2026-10-07T15:23:07Z 1370
2026-10-07T15:23:11Z 1150
2026-10-07T15:23:15Z 1090
2026-10-07T15:23:20Z 1150
2026-10-07T15:23:24Z 1080
2026-10-07T15:23:28Z 1160
2026-10-07T15:23:32Z 1240
2026-10-07T15:23:36Z 1190
2026-10-07T15:23:40Z 1100
2026-10-07T15:23:44Z 1120
2026-10-07T15:23:49Z 1360
2026-10-07T15:23:53Z 1140
2026-10-07T15:23:57Z 1180
2026-10-07T15:24:01Z 1160
2026-10-07T15:24:05Z 1130
2026-10-07T15:24:09Z 1080
2026-10-07T15:24:14Z 1120
2026-10-07T15:24:18Z 1280
2026-10-07T15:24:22Z 1100
2026-10-07T15:24:26Z 1090
2026-10-07T15:24:30Z 1080
2026-10-07T15:24:34Z 1150
2026-10-07T15:24:38Z 1110
2026-10-07T15:24:42Z 1040
2026-10-07T15:24:47Z 1170
2026-10-07T15:24:51Z 1130
2026-10-07T15:24:55Z 1160
2026-10-07T15:24:59Z 1060
2026-10-07T15:25:03Z 1130
2026-10-07T15:25:07Z 1220
2026-10-07T15:25:11Z 1060
2026-10-07T15:25:16Z 1130
2026-10-07T15:25:20Z 1050
2026-10-07T15:25:24Z 1040
2026-10-07T15:25:28Z 1170
2026-10-07T15:25:32Z 1210
2026-10-07T15:25:36Z 1110
2026-10-07T15:25:40Z 1140
2026-10-07T15:25:44Z 1070
2026-10-07T15:25:48Z 1090
2026-10-07T15:25:53Z 1110
2026-10-07T15:25:57Z 1020
2026-10-07T15:26:01Z 1060
2026-10-07T15:26:05Z 1110
2026-10-07T15:26:09Z 1050
2026-10-07T15:26:13Z 1010
2026-10-07T15:26:17Z 1150
2026-10-07T15:26:21Z 1150
2026-10-07T15:26:25Z 1110
2026-10-07T15:26:29Z 1220
2026-10-07T15:26:34Z 1230
2026-10-07T15:26:38Z 1230
2026-10-07T15:26:42Z 1220
2026-10-07T15:26:46Z 1120
2026-10-07T15:26:50Z 1170
2026-10-07T15:26:55Z 1160
2026-10-07T15:26:59Z 1200
2026-10-07T15:27:03Z 1220
2026-10-07T15:27:07Z 1190
2026-10-07T15:27:11Z 1200
2026-10-07T15:27:16Z 1230
2026-10-07T15:27:20Z 1150
2026-10-07T15:27:24Z 1260
2026-10-07T15:27:29Z 1450
2026-10-07T15:27:33Z 1190
2026-10-07T15:27:37Z 1330
2026-10-07T15:27:41Z 1130
2026-10-07T15:27:45Z 1160
2026-10-07T15:27:49Z 1130
2026-10-07T15:27:54Z 1080
2026-10-07T15:27:58Z 1070
2026-10-07T15:28:02Z 1060
2026-10-07T15:28:06Z 1020
2026-10-07T15:28:10Z 1070
2026-10-07T15:28:14Z 1380
2026-10-07T15:28:19Z 1360
2026-10-07T15:28:23Z 1170
2026-10-07T15:28:27Z 1260
2026-10-07T15:28:31Z 1200
2026-10-07T15:28:35Z 1040
2026-10-07T15:28:39Z 1170
2026-10-07T15:28:43Z 1110
2026-10-07T15:28:48Z 1100
2026-10-07T15:28:52Z 1160
2026-10-07T15:28:56Z 1140
2026-10-07T15:29:00Z 1160
2026-10-07T15:29:04Z 1150
2026-10-07T15:29:09Z 1410
2026-10-07T15:29:13Z 1200
2026-10-07T15:29:17Z 1090
2026-10-07T15:29:21Z 1120
2026-10-07T15:29:25Z 1150
2026-10-07T15:29:29Z 1230
2026-10-07T15:29:33Z 1060
2026-10-07T15:29:38Z 1060
2026-10-07T15:29:42Z 1190
2026-10-07T15:29:46Z 1050
2026-10-07T15:29:50Z 1230
2026-10-07T15:29:54Z 1180
2026-10-07T15:29:58Z 1270
2026-10-07T15:30:03Z 1330
2026-10-07T15:30:07Z 1310
2026-10-07T15:30:12Z 1440
2026-10-07T15:30:16Z 1180
2026-10-07T15:30:20Z 1240
2026-10-07T15:30:24Z 1250
2026-10-07T15:30:29Z 1440
2026-10-07T15:30:33Z 1200
2026-10-07T15:30:37Z 1280
2026-10-07T15:30:41Z 1130
2026-10-07T15:30:45Z 1070
2026-10-07T15:30:50Z 1140
2026-10-07T15:30:54Z 1110
2026-10-07T15:30:58Z 1060
2026-10-07T15:31:02Z 1080
2026-10-07T15:31:06Z 1150
2026-10-07T15:31:10Z 1010
2026-10-07T15:31:14Z 1060
2026-10-07T15:31:18Z 1160
2026-10-07T15:31:22Z 1070
2026-10-07T15:31:26Z 1120
2026-10-07T15:31:31Z 1150
2026-10-07T15:31:35Z 1060
2026-10-07T15:31:39Z 1430
2026-10-07T15:31:43Z 1250
2026-10-07T15:31:47Z 1170
2026-10-07T15:31:52Z 1230
2026-10-07T15:31:56Z 1310
2026-10-07T15:32:00Z 1270
2026-10-07T15:32:05Z 1280
2026-10-07T15:32:09Z 1330
2026-10-07T15:32:13Z 1200
2026-10-07T15:32:17Z 1120
2026-10-07T15:32:21Z 1220
2026-10-07T15:32:26Z 1130
2026-10-07T15:32:30Z 1170
2026-10-07T15:32:34Z 1270
2026-10-07T15:32:38Z 1260
2026-10-07T15:32:42Z 1220
2026-10-07T15:32:47Z 1250
2026-10-07T15:32:51Z 1290
2026-10-07T15:32:55Z 1170
2026-10-07T15:33:00Z 1350
2026-10-07T15:33:04Z 1270
2026-10-07T15:33:08Z 1410
2026-10-07T15:33:13Z 1270
2026-10-07T15:33:17Z 1340
2026-10-07T15:33:21Z 1340
2026-10-07T15:33:25Z 1160
2026-10-07T15:33:30Z 1330
2026-10-07T15:33:34Z 1210
2026-10-07T15:33:38Z 1310
2026-10-07T15:33:43Z 1450
2026-10-07T15:33:47Z 1270
2026-10-07T15:33:51Z 1330
2026-10-07T15:33:56Z 1230
2026-10-07T15:34:00Z 1240
2026-10-07T15:34:04Z 1330
2026-10-07T15:34:08Z 1270
2026-10-07T15:34:13Z 1140
2026-10-07T15:34:17Z 1320
2026-10-07T15:34:21Z 1240
2026-10-07T15:34:25Z 1410
2026-10-07T15:34:30Z 1310
2026-10-07T15:34:34Z 1270
2026-10-07T15:34:38Z 1380
2026-10-07T15:34:43Z 1190
2026-10-07T15:34:47Z 1130
2026-10-07T15:34:51Z 1180
2026-10-07T15:34:55Z 1160
2026-10-07T15:34:59Z 1330
2026-10-07T15:35:04Z 1210
2026-10-07T15:35:08Z 1160
2026-10-07T15:35:12Z 1240
2026-10-07T15:35:16Z 1260
2026-10-07T15:35:21Z 1150
2026-10-07T15:35:25Z 1140
2026-10-07T15:35:29Z 1330
2026-10-07T15:35:33Z 1190
2026-10-07T15:35:37Z 1230
2026-10-07T15:35:42Z 1260
2026-10-07T15:35:46Z 1130
2026-10-07T15:35:50Z 1150
2026-10-07T15:35:55Z 1800
2026-10-07T15:35:59Z 1290
2026-10-07T15:36:03Z 1250
2026-10-07T15:36:08Z 1180
2026-10-07T15:36:12Z 1230
2026-10-07T15:36:16Z 1150
2026-10-07T15:36:20Z 1140
2026-10-07T15:36:24Z 1120
2026-10-07T15:36:28Z 1200
2026-10-07T15:36:33Z 1290
2026-10-07T15:36:37Z 1190
2026-10-07T15:36:41Z 1050
2026-10-07T15:36:45Z 1180
2026-10-07T15:36:49Z 1140
2026-10-07T15:36:53Z 1070
2026-10-07T15:36:57Z 1110
2026-10-07T15:37:02Z 1100
2026-10-07T15:37:06Z 1200
2026-10-07T15:37:10Z 1180
2026-10-07T15:37:14Z 1110
2026-10-07T15:37:18Z 1140
2026-10-07T15:37:22Z 1120
2026-10-07T15:37:26Z 1080
2026-10-07T15:37:30Z 1060
2026-10-07T15:37:35Z 1080
2026-10-07T15:37:39Z 1160
2026-10-07T15:37:43Z 1070
2026-10-07T15:37:47Z 1100
2026-10-07T15:37:51Z 1100
2026-10-07T15:37:55Z 1100
2026-10-07T15:37:59Z 1150
2026-10-07T15:38:03Z 1010
2026-10-07T15:38:07Z 980
2026-10-07T15:38:11Z 1170
2026-10-07T15:38:16Z 1090
2026-10-07T15:38:20Z 1050
2026-10-07T15:38:24Z 1160
2026-10-07T15:38:28Z 1000
2026-10-07T15:38:32Z 1020
2026-10-07T15:38:36Z 1130
2026-10-07T15:38:40Z 1050
2026-10-07T15:38:44Z 1140
2026-10-07T15:38:48Z 1100
2026-10-07T15:38:52Z 1030
2026-10-07T15:38:56Z 1060
2026-10-07T15:39:00Z 1200
2026-10-07T15:39:05Z 1150
2026-10-07T15:39:09Z 1180
2026-10-07T15:39:13Z 1080
2026-10-07T15:39:17Z 1110
2026-10-07T15:39:21Z 1120
2026-10-07T15:39:25Z 1170
2026-10-07T15:39:30Z 1310
2026-10-07T15:39:34Z 1190
2026-10-07T15:39:38Z 1130
2026-10-07T15:39:42Z 1210
2026-10-07T15:39:46Z 1250
2026-10-07T15:39:51Z 1270
2026-10-07T15:39:55Z 1230
2026-10-07T15:39:59Z 1320
2026-10-07T15:40:04Z 1310
2026-10-07T15:40:08Z 1200
2026-10-07T15:40:12Z 1270
2026-10-07T15:40:16Z 1260
2026-10-07T15:40:21Z 1220
2026-10-07T15:40:25Z 1280
2026-10-07T15:40:29Z 1330
2026-10-07T15:40:34Z 1390
2026-10-07T15:40:38Z 1420
2026-10-07T15:40:42Z 1230
2026-10-07T15:40:47Z 1350
2026-10-07T15:40:51Z 1240
2026-10-07T15:40:55Z 1450
2026-10-07T15:41:00Z 1380
2026-10-07T15:41:04Z 1280
2026-10-07T15:41:08Z 1200
2026-10-07T15:41:12Z 1140
2026-10-07T15:41:16Z 1200
2026-10-07T15:41:21Z 1160
2026-10-07T15:41:25Z 1090
2026-10-07T15:41:29Z 1320
2026-10-07T15:41:33Z 1140
2026-10-07T15:41:37Z 1140
2026-10-07T15:41:42Z 1180
2026-10-07T15:41:46Z 1180
2026-10-07T15:41:50Z 1200
2026-10-07T15:41:54Z 1150
2026-10-07T15:41:58Z 1070
2026-10-07T15:42:02Z 1090
2026-10-07T15:42:06Z 1160
2026-10-07T15:42:11Z 1120
2026-10-07T15:42:15Z 1190
2026-10-07T15:42:19Z 1290
2026-10-07T15:42:23Z 1060
2026-10-07T15:42:27Z 1050
2026-10-07T15:42:31Z 1150
2026-10-07T15:42:35Z 1110
2026-10-07T15:42:39Z 1060
2026-10-07T15:42:44Z 1130
2026-10-07T15:42:48Z 1100
2026-10-07T15:42:52Z 1090
2026-10-07T15:42:56Z 1040
2026-10-07T15:43:00Z 1090
2026-10-07T15:43:04Z 1140
2026-10-07T15:43:08Z 1040
2026-10-07T15:43:12Z 1010
2026-10-07T15:43:16Z 990
2026-10-07T15:43:20Z 980
2026-10-07T15:43:24Z 1040
2026-10-07T15:43:28Z 980
2026-10-07T15:43:32Z 1030
2026-10-07T15:43:36Z 1070
2026-10-07T15:43:40Z 1050
2026-10-07T15:43:44Z 1060
2026-10-07T15:43:48Z 1050
2026-10-07T15:43:52Z 1060
2026-10-07T15:43:57Z 1140
2026-10-07T15:44:01Z 1040
2026-10-07T15:44:05Z 1100
2026-10-07T15:44:09Z 1110
2026-10-07T15:44:13Z 1060
2026-10-07T15:44:17Z 1030
2026-10-07T15:44:21Z 1050
2026-10-07T15:44:25Z 1060
2026-10-07T15:44:29Z 1220
2026-10-07T15:44:33Z 1120
2026-10-07T15:44:38Z 1170
2026-10-07T15:44:42Z 1180
2026-10-07T15:44:46Z 1100
2026-10-07T15:44:50Z 1170
2026-10-07T15:44:54Z 1120
2026-10-07T15:44:58Z 1150
2026-10-07T15:45:03Z 1130
2026-10-07T15:45:07Z 1120
2026-10-07T15:45:11Z 1110
2026-10-07T15:45:15Z 1140
2026-10-07T15:45:19Z 1160
2026-10-07T15:45:23Z 1060
2026-10-07T15:45:27Z 1120
2026-10-07T15:45:31Z 1160
2026-10-07T15:45:36Z 1130
2026-10-07T15:45:40Z 1200
2026-10-07T15:45:44Z 1050
2026-10-07T15:45:48Z 1050
2026-10-07T15:45:52Z 1050
2026-10-07T15:45:56Z 1100
2026-10-07T15:46:00Z 1190
2026-10-07T15:46:04Z 1140
2026-10-07T15:46:08Z 1120
2026-10-07T15:46:12Z 1050
2026-10-07T15:46:17Z 1080
2026-10-07T15:46:21Z 1040
2026-10-07T15:46:25Z 1190
2026-10-07T15:46:29Z 1190
2026-10-07T15:46:33Z 1110
2026-10-07T15:46:37Z 1100
2026-10-07T15:46:42Z 1250
2026-10-07T15:46:46Z 1110
2026-10-07T15:46:50Z 1150
2026-10-07T15:46:54Z 1280
2026-10-07T15:46:58Z 1080
2026-10-07T15:47:02Z 1180
2026-10-07T15:47:06Z 1120
2026-10-07T15:47:11Z 1180
2026-10-07T15:47:15Z 1150
2026-10-07T15:47:19Z 1200
2026-10-07T15:47:23Z 1150
2026-10-07T15:47:27Z 1190
2026-10-07T15:47:31Z 1150
2026-10-07T15:47:36Z 1210
2026-10-07T15:47:40Z 1000
2026-10-07T15:47:44Z 1340
2026-10-07T15:47:48Z 1150
2026-10-07T15:47:52Z 1100
2026-10-07T15:47:57Z 1370
2026-10-07T15:48:01Z 1250
2026-10-07T15:48:05Z 1220
2026-10-07T15:48:09Z 1080
2026-10-07T15:48:13Z 1110
2026-10-07T15:48:18Z 1180
2026-10-07T15:48:22Z 1130
2026-10-07T15:48:26Z 1200
2026-10-07T15:48:30Z 1040
2026-10-07T15:48:34Z 1060
2026-10-07T15:48:38Z 1150
2026-10-07T15:48:42Z 1220
2026-10-07T15:48:46Z 1130
2026-10-07T15:48:51Z 1180
2026-10-07T15:48:55Z 1150
2026-10-07T15:48:59Z 1060
2026-10-07T15:49:03Z 1120
2026-10-07T15:49:07Z 1050
2026-10-07T15:49:11Z 1170
2026-10-07T15:49:15Z 1210
2026-10-07T15:49:20Z 1140
2026-10-07T15:49:24Z 1130
2026-10-07T15:49:28Z 1150
2026-10-07T15:49:32Z 1160
2026-10-07T15:49:36Z 1160
2026-10-07T15:49:40Z 1010
2026-10-07T15:49:44Z 1080
2026-10-07T15:49:48Z 1000
2026-10-07T15:49:52Z 1010
2026-10-07T15:49:56Z 1050
2026-10-07T15:50:00Z 1130
2026-10-07T15:50:05Z 1110
2026-10-07T15:50:09Z 1210
2026-10-07T15:50:13Z 1120
2026-10-07T15:50:17Z 1210
2026-10-07T15:50:21Z 1270
2026-10-07T15:50:26Z 1200
2026-10-07T15:50:30Z 1120
2026-10-07T15:50:34Z 1250
2026-10-07T15:50:38Z 1210
2026-10-07T15:50:42Z 1140
2026-10-07T15:50:47Z 1180
2026-10-07T15:50:51Z 1250
2026-10-07T15:50:55Z 1140
2026-10-07T15:50:59Z 1210
2026-10-07T15:51:03Z 1170
2026-10-07T15:51:07Z 1160
2026-10-07T15:51:12Z 1110
2026-10-07T15:51:16Z 1190
2026-10-07T15:51:20Z 1150
2026-10-07T15:51:24Z 1030
2026-10-07T15:51:28Z 1180
2026-10-07T15:51:32Z 1170
2026-10-07T15:51:36Z 1060
2026-10-07T15:51:41Z 1200
2026-10-07T15:51:45Z 1200
2026-10-07T15:51:49Z 1180
2026-10-07T15:51:53Z 1210
2026-10-07T15:51:57Z 1170
2026-10-07T15:52:02Z 1140
2026-10-07T15:52:06Z 1220
2026-10-07T15:52:10Z 930
2026-10-07T15:52:13Z 790
2026-10-07T15:52:17Z 810
2026-10-07T15:52:21Z 830
2026-10-07T15:52:25Z 800
2026-10-07T15:52:29Z 750
2026-10-07T15:52:32Z 760
2026-10-07T15:52:36Z 740
2026-10-07T15:52:40Z 760
2026-10-07T15:52:44Z 750
2026-10-07T15:52:47Z 730
2026-10-07T15:52:51Z 790
2026-10-07T15:52:55Z 760
2026-10-07T15:52:59Z 740
2026-10-07T15:53:03Z 910
2026-10-07T15:53:06Z 840
2026-10-07T15:53:10Z 790
2026-10-07T15:53:14Z 800
2026-10-07T15:53:18Z 780
2026-10-07T15:53:22Z 800
2026-10-07T15:53:25Z 750
2026-10-07T15:53:29Z 780
2026-10-07T15:53:33Z 790
2026-10-07T15:53:37Z 750
2026-10-07T15:53:41Z 750
2026-10-07T15:53:44Z 780
2026-10-07T15:53:48Z 730
2026-10-07T15:53:52Z 800
2026-10-07T15:53:56Z 780
2026-10-07T15:53:59Z 770
2026-10-07T15:54:03Z 760
2026-10-07T15:54:07Z 730
2026-10-07T15:54:11Z 790
2026-10-07T15:54:14Z 750
2026-10-07T15:54:18Z 740
2026-10-07T15:54:22Z 750
2026-10-07T15:54:26Z 750
2026-10-07T15:54:29Z 740
2026-10-07T15:54:33Z 790
2026-10-07T15:54:37Z 740
2026-10-07T15:54:41Z 810
2026-10-07T15:54:45Z 720
2026-10-07T15:54:48Z 730
2026-10-07T15:54:52Z 750
2026-10-07T15:54:56Z 740
2026-10-07T15:55:00Z 780
2026-10-07T15:55:03Z 750
2026-10-07T15:55:07Z 780
2026-10-07T15:55:11Z 790
2026-10-07T15:55:15Z 750
2026-10-07T15:55:18Z 730
2026-10-07T15:55:22Z 770
2026-10-07T15:55:26Z 770
2026-10-07T15:55:30Z 760
2026-10-07T15:55:33Z 730
2026-10-07T15:55:37Z 790
2026-10-07T15:55:41Z 800
2026-10-07T15:55:45Z 770
2026-10-07T15:55:48Z 740
2026-10-07T15:55:52Z 790
2026-10-07T15:55:56Z 750
2026-10-07T15:56:00Z 760
2026-10-07T15:56:04Z 760
2026-10-07T15:56:07Z 740
2026-10-07T15:56:11Z 820
2026-10-07T15:56:15Z 750
2026-10-07T15:56:19Z 730
2026-10-07T15:56:22Z 740
2026-10-07T15:56:26Z 740
2026-10-07T15:56:30Z 760
2026-10-07T15:56:34Z 730
2026-10-07T15:56:37Z 730
2026-10-07T15:56:41Z 790
2026-10-07T15:56:45Z 750
2026-10-07T15:56:49Z 760
2026-10-07T15:56:52Z 770
2026-10-07T15:56:56Z 740
2026-10-07T15:57:00Z 750
2026-10-07T15:57:04Z 770
2026-10-07T15:57:07Z 800
2026-10-07T15:57:11Z 780
2026-10-07T15:57:15Z 770
2026-10-07T15:57:19Z 800
2026-10-07T15:57:23Z 770
2026-10-07T15:57:26Z 750
2026-10-07T15:57:30Z 750
2026-10-07T15:57:34Z 760
2026-10-07T15:57:38Z 830
2026-10-07T15:57:41Z 750
2026-10-07T15:57:45Z 800
2026-10-07T15:57:49Z 780
2026-10-07T15:57:53Z 780
2026-10-07T15:57:57Z 720
2026-10-07T15:58:00Z 700
2026-10-07T15:58:04Z 730
2026-10-07T15:58:08Z 720
2026-10-07T15:58:11Z 730
2026-10-07T15:58:15Z 780
2026-10-07T15:58:19Z 750
2026-10-07T15:58:23Z 760
2026-10-07T15:58:26Z 710
2026-10-07T15:58:30Z 720
2026-10-07T15:58:34Z 730
2026-10-07T15:58:38Z 730
2026-10-07T15:58:41Z 720
2026-10-07T15:58:45Z 730
2026-10-07T15:58:49Z 730
2026-10-07T15:58:53Z 710
2026-10-07T15:58:56Z 700
2026-10-07T15:59:00Z 710
2026-10-07T15:59:04Z 720
2026-10-07T15:59:07Z 700
2026-10-07T15:59:11Z 730
2026-10-07T15:59:15Z 710
2026-10-07T15:59:19Z 700
2026-10-07T15:59:22Z 720
2026-10-07T15:59:26Z 710
2026-10-07T15:59:30Z 710
2026-10-07T15:59:33Z 760
2026-10-07T15:59:37Z 710
2026-10-07T15:59:41Z 730
2026-10-07T15:59:45Z 710
2026-10-07T15:59:48Z 730
2026-10-07T15:59:52Z 700
2026-10-07T15:59:56Z 750
2026-10-07T16:00:00Z 740
2026-10-07T16:00:03Z 710
2026-10-07T16:00:07Z 750
2026-10-07T16:00:11Z 720
2026-10-07T16:00:14Z 740
2026-10-07T16:00:18Z 740
2026-10-07T16:00:22Z 690
2026-10-07T16:00:26Z 690
2026-10-07T16:00:29Z 710
2026-10-07T16:00:33Z 730
2026-10-07T16:00:37Z 700
2026-10-07T16:00:40Z 710
2026-10-07T16:00:44Z 750
2026-10-07T16:00:48Z 740
2026-10-07T16:00:52Z 710
2026-10-07T16:00:55Z 710
2026-10-07T16:00:59Z 740
2026-10-07T16:01:03Z 700
2026-10-07T16:01:07Z 760
2026-10-07T16:01:10Z 720
2026-10-07T16:01:14Z 730
2026-10-07T16:01:18Z 750
2026-10-07T16:01:22Z 760
2026-10-07T16:01:25Z 700
2026-10-07T16:01:29Z 720
2026-10-07T16:01:33Z 700
2026-10-07T16:01:36Z 730
2026-10-07T16:01:40Z 830
2026-10-07T16:01:44Z 740
2026-10-07T16:01:48Z 790
2026-10-07T16:01:52Z 780
2026-10-07T16:01:55Z 770
2026-10-07T16:01:59Z 740
2026-10-07T16:02:03Z 710
2026-10-07T16:02:07Z 760
2026-10-07T16:02:11Z 890
2026-10-07T16:02:14Z 960
2026-10-07T16:02:19Z 1050
2026-10-07T16:02:22Z 930
2026-10-07T16:02:26Z 1040
2026-10-07T16:02:31Z 1110
2026-10-07T16:02:35Z 900
2026-10-07T16:02:38Z 930
2026-10-07T16:02:42Z 1010
2026-10-07T16:02:47Z 1120
2026-10-07T16:02:51Z 970
2026-10-07T16:02:55Z 970
2026-10-07T16:02:58Z 950
2026-10-07T16:03:02Z 930
2026-10-07T16:03:06Z 980
2026-10-07T16:03:10Z 1030
2026-10-07T16:03:14Z 960
2026-10-07T16:03:18Z 1010
2026-10-07T16:03:22Z 990
2026-10-07T16:03:26Z 1000
2026-10-07T16:03:30Z 960
2026-10-07T16:03:34Z 1030
2026-10-07T16:03:38Z 1060
2026-10-07T16:03:43Z 1050
2026-10-07T16:03:47Z 1070
2026-10-07T16:03:51Z 1100
2026-10-07T16:03:55Z 1010
2026-10-07T16:03:59Z 1070
2026-10-07T16:04:03Z 1020
2026-10-07T16:04:07Z 990
2026-10-07T16:04:11Z 1050
2026-10-07T16:04:15Z 970
2026-10-07T16:04:19Z 1060
2026-10-07T16:04:23Z 980
2026-10-07T16:04:27Z 980
2026-10-07T16:04:31Z 960
2026-10-07T16:04:35Z 980
2026-10-07T16:04:39Z 1070
2026-10-07T16:04:43Z 980
2026-10-07T16:04:47Z 1010
2026-10-07T16:04:51Z 1060
2026-10-07T16:04:55Z 1170
2026-10-07T16:04:59Z 1140
2026-10-07T16:05:03Z 1100
2026-10-07T16:05:08Z 1220
2026-10-07T16:05:12Z 1130
2026-10-07T16:05:16Z 1160
2026-10-07T16:05:20Z 1040
2026-10-07T16:05:24Z 1150
2026-10-07T16:05:28Z 1150
2026-10-07T16:05:32Z 1180
2026-10-07T16:05:37Z 1130
2026-10-07T16:05:41Z 1190
2026-10-07T16:05:45Z 1170
2026-10-07T16:05:49Z 1220
2026-10-07T16:05:53Z 1330
2026-10-07T16:05:58Z 1270
2026-10-07T16:06:02Z 1300
2026-10-07T16:06:06Z 1250
2026-10-07T16:06:11Z 1370
2026-10-07T16:06:15Z 1230
2026-10-07T16:06:19Z 1200
2026-10-07T16:06:23Z 1290
2026-10-07T16:06:28Z 1360
2026-10-07T16:06:32Z 1320
2026-10-07T16:06:36Z 1300
2026-10-07T16:06:41Z 1380
2026-10-07T16:06:45Z 1190
2026-10-07T16:06:49Z 1200
2026-10-07T16:06:53Z 1210
2026-10-07T16:06:58Z 1290
2026-10-07T16:07:02Z 1260
2026-10-07T16:07:06Z 1240
2026-10-07T16:07:10Z 1180
2026-10-07T16:07:14Z 890
2026-10-07T16:07:18Z 790
2026-10-07T16:07:22Z 870
2026-10-07T16:07:26Z 810
2026-10-07T16:07:30Z 810
