 Container dbpilot-control-db-1 Running 
 Container dbpilot-dp-primary-1 Running 
 Container dbpilot-api-1 Running 
 Container dbpilot-pgbouncer-1 Running 
 Container dbpilot-dp-primary-1 Waiting 
 Container dbpilot-control-db-1 Waiting 
 Container dbpilot-control-db-1 Healthy 
 Container dbpilot-dp-primary-1 Healthy 
 Container dbpilot-migrate-1 Starting 
 Container dbpilot-migrate-1 Started 
 Container dbpilot-migrate-1 Waiting 
 Container dbpilot-migrate-1 Exited 
 Container dbpilot-evaluation-run-18b6667623dc Creating 
 Container dbpilot-evaluation-run-18b6667623dc Created 
error ignored in rollback on <psycopg.AsyncConnection [INTRANS] (host=pgbouncer port=6432 user=t_mixed database=app) at 0x7f19bc1689b0>: Explicit rollback() forbidden within a Transaction context. (Either raise Rollback() or allow an exception to propagate out of the context.)
error ignored in rollback on <psycopg.AsyncConnection [INTRANS] (host=pgbouncer port=6432 user=t_mixed database=app) at 0x7f19bc137980>: Explicit rollback() forbidden within a Transaction context. (Either raise Rollback() or allow an exception to propagate out of the context.)
error ignored in rollback on <psycopg.AsyncConnection [INTRANS] (host=pgbouncer port=6432 user=t_mixed database=app) at 0x7f19bc135580>: Explicit rollback() forbidden within a Transaction context. (Either raise Rollback() or allow an exception to propagate out of the context.)
error ignored in rollback on <psycopg.AsyncConnection [INTRANS] (host=pgbouncer port=6432 user=t_mixed database=app) at 0x7f19bc16b770>: Explicit rollback() forbidden within a Transaction context. (Either raise Rollback() or allow an exception to propagate out of the context.)
error ignored in rollback on <psycopg.AsyncConnection [INTRANS] (host=pgbouncer port=6432 user=t_mixed database=app) at 0x7f19bc168260>: Explicit rollback() forbidden within a Transaction context. (Either raise Rollback() or allow an exception to propagate out of the context.)
error ignored in rollback on <psycopg.AsyncConnection [INTRANS] (host=pgbouncer port=6432 user=t_mixed database=app) at 0x7f19bc5dfd10>: Explicit rollback() forbidden within a Transaction context. (Either raise Rollback() or allow an exception to propagate out of the context.)
error ignored in rollback on <psycopg.AsyncConnection [INTRANS] (host=pgbouncer port=6432 user=t_mixed database=app) at 0x7f19bc134410>: Explicit rollback() forbidden within a Transaction context. (Either raise Rollback() or allow an exception to propagate out of the context.)
error ignored in rollback on <psycopg.AsyncConnection [INTRANS] (host=pgbouncer port=6432 user=t_mixed database=app) at 0x7f19bc5df200>: Explicit rollback() forbidden within a Transaction context. (Either raise Rollback() or allow an exception to propagate out of the context.)
error ignored in rollback on <psycopg.AsyncConnection [INTRANS] (host=pgbouncer port=6432 user=t_mixed database=app) at 0x7f19bc136cf0>: Explicit rollback() forbidden within a Transaction context. (Either raise Rollback() or allow an exception to propagate out of the context.)
error ignored in rollback on <psycopg.AsyncConnection [INTRANS] (host=pgbouncer port=6432 user=t_mixed database=app) at 0x7f19bc169d60>: Explicit rollback() forbidden within a Transaction context. (Either raise Rollback() or allow an exception to propagate out of the context.)
error ignored in rollback on <psycopg.AsyncConnection [INTRANS] (host=pgbouncer port=6432 user=t_mixed database=app) at 0x7f19bc16a060>: Explicit rollback() forbidden within a Transaction context. (Either raise Rollback() or allow an exception to propagate out of the context.)
{
  "scenario": "S7_trap_parallelism",
  "config": "C2_no_verification",
  "final_state": "APPLIED",
  "seconds_to_decision": 85.8,
  "twin_decision": null,
  "canary_outcome": "HELD",
  "client_ratios": {
    "t_mixed/OLTP": 0.979,
    "t_steady/OLTP": 1.241,
    "t_bursty/OLTP": 1.019,
    "t_analytic/OLAP": 1.361,
    "t_mixed/OLAP": 1.185
  },
  "tenants_harmed": [
    "t_analytic/OLAP",
    "t_mixed/OLAP",
    "t_steady/OLTP"
  ],
  "twin_ratios": null,
  "cleanup": "ROLLED_BACK"
}
