=== scale 5
s5 dbpilot-pgbouncer-1 11.40%
s5 dbpilot-dp-primary-1 6.09%
s5 dbpilot-workload-run-9073b663e026 51.40%
s5 dbpilot-workload-run-9073b663e026 54.24%
s5 dbpilot-pgbouncer-1 23.21%
s5 dbpilot-dp-primary-1 243.99%
s5 dbpilot-workload-run-9073b663e026 52.73%
s5 dbpilot-pgbouncer-1 22.77%
s5 dbpilot-dp-primary-1 197.29%
s5 dbpilot-workload-run-9073b663e026 59.56%
s5 dbpilot-pgbouncer-1 25.86%
s5 dbpilot-dp-primary-1 215.06%
s5 dbpilot-workload-run-9073b663e026 55.12%
s5 dbpilot-pgbouncer-1 24.69%
s5 dbpilot-dp-primary-1 268.50%
s5 dbpilot-workload-run-9073b663e026 48.45%
s5 dbpilot-pgbouncer-1 21.29%
s5 dbpilot-dp-primary-1 217.29%
s5 dbpilot-workload-run-9073b663e026 56.59%
s5 dbpilot-pgbouncer-1 26.63%
s5 dbpilot-dp-primary-1 213.85%
s5 dbpilot-workload-run-9073b663e026 47.53%
s5 dbpilot-pgbouncer-1 20.39%
s5 dbpilot-dp-primary-1 232.82%
s5 dbpilot-workload-run-9073b663e026 52.82%
s5 dbpilot-pgbouncer-1 21.91%
s5 dbpilot-dp-primary-1 223.13%
s5 dbpilot-workload-run-9073b663e026 55.94%
s5 dbpilot-pgbouncer-1 24.75%
s5 dbpilot-dp-primary-1 234.36%
s5 dbpilot-workload-run-9073b663e026 48.76%
s5 dbpilot-pgbouncer-1 30.25%
s5 dbpilot-dp-primary-1 255.73%
s5 dbpilot-workload-run-9073b663e026 86.66%
s5 dbpilot-pgbouncer-1 36.96%
s5 dbpilot-dp-primary-1 347.05%
s5 dbpilot-workload-run-9073b663e026 80.93%
s5 dbpilot-pgbouncer-1 33.25%
s5 dbpilot-dp-primary-1 345.50%
s5 dbpilot-workload-run-9073b663e026 85.91%
s5 dbpilot-pgbouncer-1 35.62%
s5 dbpilot-dp-primary-1 372.08%
s5 dbpilot-workload-run-9073b663e026 59.49%
s5 dbpilot-pgbouncer-1 27.24%
s5 dbpilot-dp-primary-1 262.39%
s5 dbpilot-workload-run-9073b663e026 53.46%
s5 dbpilot-pgbouncer-1 23.80%
s5 dbpilot-dp-primary-1 209.00%
s5 dbpilot-workload-run-9073b663e026 58.39%
s5 dbpilot-pgbouncer-1 26.70%
s5 dbpilot-dp-primary-1 226.34%
s5 dbpilot-workload-run-9073b663e026 55.66%
s5 dbpilot-pgbouncer-1 23.79%
s5 dbpilot-dp-primary-1 276.08%
s5 dbpilot-workload-run-9073b663e026 53.07%
s5 dbpilot-pgbouncer-1 22.91%
s5 dbpilot-dp-primary-1 250.28%
s5 dbpilot-workload-run-9073b663e026 57.11%
s5 dbpilot-pgbouncer-1 26.64%
s5 dbpilot-dp-primary-1 178.17%
s5 dbpilot-workload-run-9073b663e026 55.03%
s5 dbpilot-pgbouncer-1 24.72%
s5 dbpilot-dp-primary-1 220.27%
s5 dbpilot-pgbouncer-1 0.02%
s5 dbpilot-dp-primary-1 0.34%
=== scale 6
s6 dbpilot-pgbouncer-1 13.93%
s6 dbpilot-dp-primary-1 97.79%
s6 dbpilot-workload-run-14d830bd0dd0 57.89%
s6 dbpilot-workload-run-14d830bd0dd0 61.30%
s6 dbpilot-pgbouncer-1 25.58%
s6 dbpilot-dp-primary-1 287.55%
s6 dbpilot-workload-run-14d830bd0dd0 61.93%
s6 dbpilot-pgbouncer-1 28.45%
s6 dbpilot-dp-primary-1 249.61%
s6 dbpilot-workload-run-14d830bd0dd0 54.72%
s6 dbpilot-pgbouncer-1 25.78%
s6 dbpilot-dp-primary-1 371.44%
s6 dbpilot-workload-run-14d830bd0dd0 64.24%
s6 dbpilot-pgbouncer-1 28.78%
s6 dbpilot-dp-primary-1 329.72%
s6 dbpilot-workload-run-14d830bd0dd0 58.27%
s6 dbpilot-pgbouncer-1 27.15%
s6 dbpilot-dp-primary-1 295.65%
s6 dbpilot-workload-run-14d830bd0dd0 61.28%
s6 dbpilot-pgbouncer-1 26.89%
s6 dbpilot-dp-primary-1 220.37%
s6 dbpilot-workload-run-14d830bd0dd0 68.10%
s6 dbpilot-pgbouncer-1 28.30%
s6 dbpilot-dp-primary-1 307.66%
s6 dbpilot-workload-run-14d830bd0dd0 58.40%
s6 dbpilot-pgbouncer-1 25.77%
s6 dbpilot-dp-primary-1 261.60%
s6 dbpilot-workload-run-14d830bd0dd0 57.18%
s6 dbpilot-pgbouncer-1 22.78%
s6 dbpilot-dp-primary-1 314.46%
s6 dbpilot-workload-run-14d830bd0dd0 81.71%
s6 dbpilot-pgbouncer-1 28.94%
s6 dbpilot-dp-primary-1 380.27%
s6 dbpilot-workload-run-14d830bd0dd0 85.50%
s6 dbpilot-pgbouncer-1 33.83%
s6 dbpilot-dp-primary-1 386.97%
s6 dbpilot-workload-run-14d830bd0dd0 82.85%
s6 dbpilot-pgbouncer-1 34.35%
s6 dbpilot-dp-primary-1 319.58%
s6 dbpilot-workload-run-14d830bd0dd0 75.82%
s6 dbpilot-pgbouncer-1 26.52%
s6 dbpilot-dp-primary-1 374.91%
s6 dbpilot-workload-run-14d830bd0dd0 58.36%
s6 dbpilot-pgbouncer-1 25.68%
s6 dbpilot-dp-primary-1 248.04%
s6 dbpilot-workload-run-14d830bd0dd0 58.25%
s6 dbpilot-pgbouncer-1 26.03%
s6 dbpilot-dp-primary-1 335.18%
s6 dbpilot-workload-run-14d830bd0dd0 56.65%
s6 dbpilot-pgbouncer-1 31.58%
s6 dbpilot-dp-primary-1 286.23%
s6 dbpilot-workload-run-14d830bd0dd0 56.18%
s6 dbpilot-pgbouncer-1 22.70%
s6 dbpilot-dp-primary-1 250.44%
s6 dbpilot-workload-run-14d830bd0dd0 60.79%
s6 dbpilot-pgbouncer-1 26.58%
s6 dbpilot-dp-primary-1 278.85%
s6 dbpilot-workload-run-14d830bd0dd0 64.62%
s6 dbpilot-pgbouncer-1 26.99%
s6 dbpilot-dp-primary-1 281.21%
s6 dbpilot-workload-run-14d830bd0dd0 58.83%
s6 dbpilot-pgbouncer-1 27.36%
s6 dbpilot-dp-primary-1 191.32%
s6 dbpilot-pgbouncer-1 0.04%
s6 dbpilot-dp-primary-1 6.94%
=== scale 7
s7 dbpilot-pgbouncer-1 14.03%
s7 dbpilot-dp-primary-1 142.84%
s7 dbpilot-workload-run-5abd2c4b8312 70.19%
s7 dbpilot-workload-run-5abd2c4b8312 61.76%
s7 dbpilot-pgbouncer-1 23.23%
s7 dbpilot-dp-primary-1 384.75%
s7 dbpilot-workload-run-5abd2c4b8312 66.98%
s7 dbpilot-pgbouncer-1 29.19%
s7 dbpilot-dp-primary-1 307.57%
s7 dbpilot-workload-run-5abd2c4b8312 71.71%
s7 dbpilot-pgbouncer-1 31.29%
s7 dbpilot-dp-primary-1 341.89%
s7 dbpilot-workload-run-5abd2c4b8312 65.94%
s7 dbpilot-pgbouncer-1 26.57%
s7 dbpilot-dp-primary-1 332.19%
s7 dbpilot-workload-run-5abd2c4b8312 71.29%
s7 dbpilot-pgbouncer-1 28.46%
s7 dbpilot-dp-primary-1 350.89%
s7 dbpilot-workload-run-5abd2c4b8312 68.39%
s7 dbpilot-pgbouncer-1 27.56%
s7 dbpilot-dp-primary-1 342.39%
s7 dbpilot-workload-run-5abd2c4b8312 67.80%
s7 dbpilot-pgbouncer-1 27.50%
s7 dbpilot-dp-primary-1 366.18%
s7 dbpilot-workload-run-5abd2c4b8312 67.99%
s7 dbpilot-pgbouncer-1 25.07%
s7 dbpilot-dp-primary-1 394.39%
s7 dbpilot-workload-run-5abd2c4b8312 62.96%
s7 dbpilot-pgbouncer-1 23.80%
s7 dbpilot-dp-primary-1 341.90%
s7 dbpilot-workload-run-5abd2c4b8312 82.86%
s7 dbpilot-pgbouncer-1 28.22%
s7 dbpilot-dp-primary-1 388.60%
s7 dbpilot-workload-run-5abd2c4b8312 82.81%
s7 dbpilot-pgbouncer-1 31.33%
s7 dbpilot-dp-primary-1 389.29%
s7 dbpilot-workload-run-5abd2c4b8312 74.90%
s7 dbpilot-pgbouncer-1 27.76%
s7 dbpilot-dp-primary-1 389.55%
s7 dbpilot-workload-run-5abd2c4b8312 79.90%
s7 dbpilot-pgbouncer-1 34.37%
s7 dbpilot-dp-primary-1 388.00%
s7 dbpilot-workload-run-5abd2c4b8312 76.33%
s7 dbpilot-pgbouncer-1 27.72%
s7 dbpilot-dp-primary-1 366.45%
s7 dbpilot-workload-run-5abd2c4b8312 66.13%
s7 dbpilot-pgbouncer-1 26.18%
s7 dbpilot-dp-primary-1 303.49%
s7 dbpilot-workload-run-5abd2c4b8312 69.70%
s7 dbpilot-pgbouncer-1 29.82%
s7 dbpilot-dp-primary-1 387.94%
s7 dbpilot-workload-run-5abd2c4b8312 59.53%
s7 dbpilot-pgbouncer-1 24.51%
s7 dbpilot-dp-primary-1 305.99%
s7 dbpilot-workload-run-5abd2c4b8312 67.50%
s7 dbpilot-pgbouncer-1 25.82%
s7 dbpilot-dp-primary-1 304.15%
s7 dbpilot-workload-run-5abd2c4b8312 70.79%
s7 dbpilot-pgbouncer-1 29.55%
s7 dbpilot-dp-primary-1 338.46%
s7 dbpilot-workload-run-5abd2c4b8312 61.80%
s7 dbpilot-pgbouncer-1 23.28%
s7 dbpilot-dp-primary-1 327.05%
s7 dbpilot-pgbouncer-1 0.03%
s7 dbpilot-dp-primary-1 1.33%
DONE
