=== scale 0.5
s0.5 dbpilot-pgbouncer-1 4.42%
s0.5 dbpilot-dp-primary-1 15.71%
s0.5 dbpilot-workload-run-b677412cab0d 10.70%
s0.5 dbpilot-workload-run-b677412cab0d 17.03%
s0.5 dbpilot-pgbouncer-1 8.33%
s0.5 dbpilot-dp-primary-1 32.46%
s0.5 dbpilot-workload-run-b677412cab0d 10.27%
s0.5 dbpilot-pgbouncer-1 4.07%
s0.5 dbpilot-dp-primary-1 38.45%
s0.5 dbpilot-workload-run-b677412cab0d 13.57%
s0.5 dbpilot-pgbouncer-1 6.51%
s0.5 dbpilot-dp-primary-1 38.31%
s0.5 dbpilot-workload-run-b677412cab0d 8.50%
s0.5 dbpilot-pgbouncer-1 4.52%
s0.5 dbpilot-dp-primary-1 14.59%
s0.5 dbpilot-workload-run-b677412cab0d 11.47%
s0.5 dbpilot-pgbouncer-1 5.95%
s0.5 dbpilot-dp-primary-1 21.25%
s0.5 dbpilot-workload-run-b677412cab0d 11.27%
s0.5 dbpilot-pgbouncer-1 6.52%
s0.5 dbpilot-dp-primary-1 24.95%
s0.5 dbpilot-workload-run-b677412cab0d 12.10%
s0.5 dbpilot-pgbouncer-1 6.51%
s0.5 dbpilot-dp-primary-1 18.68%
s0.5 dbpilot-workload-run-b677412cab0d 9.25%
s0.5 dbpilot-pgbouncer-1 5.12%
s0.5 dbpilot-dp-primary-1 26.72%
s0.5 dbpilot-workload-run-b677412cab0d 8.47%
s0.5 dbpilot-pgbouncer-1 5.90%
s0.5 dbpilot-dp-primary-1 32.15%
s0.5 dbpilot-workload-run-b677412cab0d 12.62%
s0.5 dbpilot-pgbouncer-1 6.31%
s0.5 dbpilot-dp-primary-1 48.56%
s0.5 dbpilot-workload-run-b677412cab0d 22.18%
s0.5 dbpilot-pgbouncer-1 11.34%
s0.5 dbpilot-dp-primary-1 75.42%
s0.5 dbpilot-workload-run-b677412cab0d 17.82%
s0.5 dbpilot-pgbouncer-1 8.34%
s0.5 dbpilot-dp-primary-1 57.35%
s0.5 dbpilot-workload-run-b677412cab0d 21.35%
s0.5 dbpilot-pgbouncer-1 9.43%
s0.5 dbpilot-dp-primary-1 45.40%
s0.5 dbpilot-workload-run-b677412cab0d 10.13%
s0.5 dbpilot-pgbouncer-1 6.68%
s0.5 dbpilot-dp-primary-1 35.33%
s0.5 dbpilot-workload-run-b677412cab0d 10.70%
s0.5 dbpilot-pgbouncer-1 5.80%
s0.5 dbpilot-dp-primary-1 32.21%
s0.5 dbpilot-workload-run-b677412cab0d 13.97%
s0.5 dbpilot-pgbouncer-1 6.80%
s0.5 dbpilot-dp-primary-1 49.94%
s0.5 dbpilot-workload-run-b677412cab0d 10.55%
s0.5 dbpilot-pgbouncer-1 6.65%
s0.5 dbpilot-dp-primary-1 48.43%
s0.5 dbpilot-workload-run-b677412cab0d 9.35%
s0.5 dbpilot-pgbouncer-1 6.55%
s0.5 dbpilot-dp-primary-1 35.11%
s0.5 dbpilot-workload-run-b677412cab0d 14.37%
s0.5 dbpilot-pgbouncer-1 7.42%
s0.5 dbpilot-dp-primary-1 37.28%
s0.5 dbpilot-pgbouncer-1 1.73%
s0.5 dbpilot-dp-primary-1 31.95%
s0.5 dbpilot-pgbouncer-1 0.02%
s0.5 dbpilot-dp-primary-1 0.03%
=== scale 2
s2 dbpilot-pgbouncer-1 8.16%
s2 dbpilot-dp-primary-1 38.91%
s2 dbpilot-workload-run-507291048a18 34.04%
s2 dbpilot-workload-run-507291048a18 26.16%
s2 dbpilot-pgbouncer-1 13.34%
s2 dbpilot-dp-primary-1 116.08%
s2 dbpilot-workload-run-507291048a18 31.49%
s2 dbpilot-pgbouncer-1 13.84%
s2 dbpilot-dp-primary-1 85.46%
s2 dbpilot-workload-run-507291048a18 25.46%
s2 dbpilot-pgbouncer-1 11.93%
s2 dbpilot-dp-primary-1 100.78%
s2 dbpilot-workload-run-507291048a18 37.15%
s2 dbpilot-pgbouncer-1 17.85%
s2 dbpilot-dp-primary-1 150.83%
s2 dbpilot-workload-run-507291048a18 20.52%
s2 dbpilot-pgbouncer-1 12.40%
s2 dbpilot-dp-primary-1 96.50%
s2 dbpilot-workload-run-507291048a18 28.80%
s2 dbpilot-pgbouncer-1 13.59%
s2 dbpilot-dp-primary-1 92.38%
s2 dbpilot-workload-run-507291048a18 23.69%
s2 dbpilot-pgbouncer-1 12.02%
s2 dbpilot-dp-primary-1 68.26%
s2 dbpilot-workload-run-507291048a18 30.64%
s2 dbpilot-pgbouncer-1 13.35%
s2 dbpilot-dp-primary-1 84.74%
s2 dbpilot-workload-run-507291048a18 29.61%
s2 dbpilot-pgbouncer-1 13.82%
s2 dbpilot-dp-primary-1 103.08%
s2 dbpilot-workload-run-507291048a18 44.50%
s2 dbpilot-pgbouncer-1 20.70%
s2 dbpilot-dp-primary-1 119.74%
s2 dbpilot-workload-run-507291048a18 49.40%
s2 dbpilot-pgbouncer-1 22.82%
s2 dbpilot-dp-primary-1 177.95%
s2 dbpilot-workload-run-507291048a18 51.59%
s2 dbpilot-pgbouncer-1 24.58%
s2 dbpilot-dp-primary-1 161.19%
s2 dbpilot-workload-run-507291048a18 42.76%
s2 dbpilot-pgbouncer-1 20.47%
s2 dbpilot-dp-primary-1 148.66%
s2 dbpilot-workload-run-507291048a18 30.24%
s2 dbpilot-pgbouncer-1 14.60%
s2 dbpilot-dp-primary-1 120.49%
s2 dbpilot-workload-run-507291048a18 23.84%
s2 dbpilot-pgbouncer-1 11.17%
s2 dbpilot-dp-primary-1 118.31%
s2 dbpilot-workload-run-507291048a18 28.70%
s2 dbpilot-pgbouncer-1 13.69%
s2 dbpilot-dp-primary-1 102.95%
s2 dbpilot-workload-run-507291048a18 26.77%
s2 dbpilot-pgbouncer-1 11.77%
s2 dbpilot-dp-primary-1 97.20%
s2 dbpilot-workload-run-507291048a18 30.89%
s2 dbpilot-pgbouncer-1 14.62%
s2 dbpilot-dp-primary-1 139.06%
s2 dbpilot-workload-run-507291048a18 26.83%
s2 dbpilot-pgbouncer-1 13.28%
s2 dbpilot-dp-primary-1 78.57%
s2 dbpilot-workload-run-507291048a18 27.69%
s2 dbpilot-pgbouncer-1 12.57%
s2 dbpilot-dp-primary-1 111.57%
s2 dbpilot-pgbouncer-1 0.01%
s2 dbpilot-dp-primary-1 62.12%
=== scale 4
s4 dbpilot-pgbouncer-1 10.64%
s4 dbpilot-dp-primary-1 108.24%
s4 dbpilot-workload-run-fdc28c410935 45.96%
s4 dbpilot-workload-run-fdc28c410935 42.95%
s4 dbpilot-pgbouncer-1 19.78%
s4 dbpilot-dp-primary-1 149.36%
s4 dbpilot-workload-run-fdc28c410935 47.41%
s4 dbpilot-pgbouncer-1 21.27%
s4 dbpilot-dp-primary-1 200.23%
s4 dbpilot-workload-run-fdc28c410935 49.87%
s4 dbpilot-pgbouncer-1 23.13%
s4 dbpilot-dp-primary-1 198.64%
s4 dbpilot-workload-run-fdc28c410935 49.15%
s4 dbpilot-pgbouncer-1 21.43%
s4 dbpilot-dp-primary-1 167.13%
s4 dbpilot-workload-run-fdc28c410935 48.01%
s4 dbpilot-pgbouncer-1 19.99%
s4 dbpilot-dp-primary-1 160.42%
s4 dbpilot-workload-run-fdc28c410935 44.90%
s4 dbpilot-pgbouncer-1 20.95%
s4 dbpilot-dp-primary-1 242.21%
s4 dbpilot-workload-run-fdc28c410935 49.10%
s4 dbpilot-pgbouncer-1 20.09%
s4 dbpilot-dp-primary-1 163.37%
s4 dbpilot-workload-run-fdc28c410935 42.11%
s4 dbpilot-pgbouncer-1 21.14%
s4 dbpilot-dp-primary-1 251.51%
s4 dbpilot-workload-run-fdc28c410935 45.38%
s4 dbpilot-pgbouncer-1 20.04%
s4 dbpilot-dp-primary-1 196.29%
s4 dbpilot-workload-run-fdc28c410935 72.11%
s4 dbpilot-pgbouncer-1 30.32%
s4 dbpilot-dp-primary-1 273.39%
s4 dbpilot-workload-run-fdc28c410935 72.42%
s4 dbpilot-pgbouncer-1 32.15%
s4 dbpilot-dp-primary-1 279.06%
s4 dbpilot-workload-run-fdc28c410935 67.49%
s4 dbpilot-pgbouncer-1 28.33%
s4 dbpilot-dp-primary-1 265.20%
s4 dbpilot-workload-run-fdc28c410935 73.45%
s4 dbpilot-pgbouncer-1 32.02%
s4 dbpilot-dp-primary-1 257.64%
s4 dbpilot-workload-run-fdc28c410935 43.37%
s4 dbpilot-pgbouncer-1 19.61%
s4 dbpilot-dp-primary-1 164.26%
s4 dbpilot-workload-run-fdc28c410935 41.36%
s4 dbpilot-pgbouncer-1 23.01%
s4 dbpilot-dp-primary-1 211.50%
s4 dbpilot-workload-run-fdc28c410935 48.51%
s4 dbpilot-pgbouncer-1 20.53%
s4 dbpilot-dp-primary-1 233.28%
s4 dbpilot-workload-run-fdc28c410935 43.61%
s4 dbpilot-pgbouncer-1 18.83%
s4 dbpilot-dp-primary-1 162.76%
s4 dbpilot-workload-run-fdc28c410935 46.62%
s4 dbpilot-pgbouncer-1 20.07%
s4 dbpilot-dp-primary-1 256.32%
s4 dbpilot-workload-run-fdc28c410935 46.59%
s4 dbpilot-pgbouncer-1 20.17%
s4 dbpilot-dp-primary-1 188.24%
s4 dbpilot-workload-run-fdc28c410935 50.75%
s4 dbpilot-pgbouncer-1 22.59%
s4 dbpilot-dp-primary-1 242.78%
s4 dbpilot-pgbouncer-1 0.03%
s4 dbpilot-dp-primary-1 4.07%
=== scale 8
s8 dbpilot-pgbouncer-1 11.86%
s8 dbpilot-dp-primary-1 173.21%
s8 dbpilot-workload-run-f5d54fec40a3 71.71%
s8 dbpilot-workload-run-f5d54fec40a3 72.88%
s8 dbpilot-pgbouncer-1 26.66%
s8 dbpilot-dp-primary-1 373.45%
s8 dbpilot-workload-run-f5d54fec40a3 66.43%
s8 dbpilot-pgbouncer-1 25.06%
s8 dbpilot-dp-primary-1 370.81%
s8 dbpilot-workload-run-f5d54fec40a3 72.63%
s8 dbpilot-pgbouncer-1 30.23%
s8 dbpilot-dp-primary-1 336.91%
s8 dbpilot-workload-run-f5d54fec40a3 82.04%
s8 dbpilot-pgbouncer-1 29.41%
s8 dbpilot-dp-primary-1 363.35%
s8 dbpilot-workload-run-f5d54fec40a3 77.63%
s8 dbpilot-pgbouncer-1 29.86%
s8 dbpilot-dp-primary-1 353.93%
s8 dbpilot-workload-run-f5d54fec40a3 69.66%
s8 dbpilot-pgbouncer-1 25.43%
s8 dbpilot-dp-primary-1 391.65%
s8 dbpilot-workload-run-f5d54fec40a3 75.62%
s8 dbpilot-pgbouncer-1 32.19%
s8 dbpilot-dp-primary-1 388.68%
s8 dbpilot-workload-run-f5d54fec40a3 63.41%
s8 dbpilot-pgbouncer-1 24.37%
s8 dbpilot-dp-primary-1 363.31%
s8 dbpilot-workload-run-f5d54fec40a3 75.52%
s8 dbpilot-pgbouncer-1 28.46%
s8 dbpilot-dp-primary-1 371.48%
s8 dbpilot-workload-run-f5d54fec40a3 76.76%
s8 dbpilot-pgbouncer-1 25.44%
s8 dbpilot-dp-primary-1 390.13%
s8 dbpilot-workload-run-f5d54fec40a3 84.23%
s8 dbpilot-pgbouncer-1 30.20%
s8 dbpilot-dp-primary-1 382.13%
s8 dbpilot-workload-run-f5d54fec40a3 72.59%
s8 dbpilot-pgbouncer-1 23.32%
s8 dbpilot-dp-primary-1 391.06%
s8 dbpilot-workload-run-f5d54fec40a3 87.67%
s8 dbpilot-pgbouncer-1 32.68%
s8 dbpilot-dp-primary-1 389.21%
s8 dbpilot-workload-run-f5d54fec40a3 70.61%
s8 dbpilot-pgbouncer-1 25.28%
s8 dbpilot-dp-primary-1 394.29%
s8 dbpilot-workload-run-f5d54fec40a3 66.50%
s8 dbpilot-pgbouncer-1 28.32%
s8 dbpilot-dp-primary-1 323.39%
s8 dbpilot-workload-run-f5d54fec40a3 70.74%
s8 dbpilot-pgbouncer-1 27.33%
s8 dbpilot-dp-primary-1 379.32%
s8 dbpilot-workload-run-f5d54fec40a3 77.31%
s8 dbpilot-pgbouncer-1 30.10%
s8 dbpilot-dp-primary-1 323.61%
s8 dbpilot-workload-run-f5d54fec40a3 66.46%
s8 dbpilot-pgbouncer-1 22.48%
s8 dbpilot-dp-primary-1 393.29%
s8 dbpilot-workload-run-f5d54fec40a3 77.15%
s8 dbpilot-pgbouncer-1 28.85%
s8 dbpilot-dp-primary-1 391.15%
s8 dbpilot-workload-run-f5d54fec40a3 75.64%
s8 dbpilot-pgbouncer-1 34.00%
s8 dbpilot-dp-primary-1 351.43%
s8 dbpilot-pgbouncer-1 0.03%
s8 dbpilot-dp-primary-1 0.44%
DONE
