 Container dbpilot-api-1 Running 
 Container dbpilot-pgbouncer-1 Running 
 Container dbpilot-control-db-1 Running 
 Container dbpilot-dp-primary-1 Running 
 Container dbpilot-dp-primary-1 Waiting 
 Container dbpilot-control-db-1 Waiting 
 Container dbpilot-control-db-1 Healthy 
 Container dbpilot-migrate-1 Starting 
 Container dbpilot-dp-primary-1 Healthy 
 Container dbpilot-migrate-1 Started 
 Container dbpilot-migrate-1 Waiting 
 Container dbpilot-migrate-1 Exited 
 Container dbpilot-evaluation-run-512308839551 Creating 
 Container dbpilot-evaluation-run-512308839551 Created 
{
  "scenario": "S10_trap_parallelism_off",
  "config": "C2_no_verification",
  "final_state": "APPLIED",
  "seconds_to_decision": 85.3,
  "twin_decision": null,
  "canary_outcome": "HELD",
  "client_ratios": {
    "t_bursty/OLTP": 1.07,
    "t_steady/OLTP": 1.045,
    "t_mixed/OLAP": 0.981,
    "t_mixed/OLTP": 1.126,
    "t_analytic/OLAP": 1.01
  },
  "tenants_harmed": [
    "t_mixed/OLTP"
  ],
  "twin_ratios": null,
  "cleanup": "ROLLED_BACK"
}
