[2026-10-07T17:05:55Z] START n_runs=30 warm_s=150.0 window_s=55.0 power=Online|73|ded574b5-45a0-4f42-8737-46345c09c238
[2026-10-07T17:10:31Z] run 01 DONE 125.5s txns=1484 window=55.0 errors=2 power=Online|75|ded574b5-45a0-4f42-8737-46345c09c238 -> Online|77|ded574b5-45a0-4f42-8737-46345c09c238 
[2026-10-07T17:12:38Z] run 02 DONE 126.0s txns=1509 window=55.0 errors=2 power=Online|77|ded574b5-45a0-4f42-8737-46345c09c238 -> Online|79|ded574b5-45a0-4f42-8737-46345c09c238 
[2026-10-07T17:14:44Z] run 03 DONE 125.7s txns=1393 window=55.0 errors=2 power=Online|79|ded574b5-45a0-4f42-8737-46345c09c238 -> Online|81|ded574b5-45a0-4f42-8737-46345c09c238 
[2026-10-07T17:16:51Z] run 04 DONE 125.8s txns=1365 window=55.0 errors=4 power=Online|81|ded574b5-45a0-4f42-8737-46345c09c238 -> Online|82|ded574b5-45a0-4f42-8737-46345c09c238 
[2026-10-07T17:18:56Z] run 05 DONE 125.4s txns=1285 window=55.0 errors=2 power=Online|82|ded574b5-45a0-4f42-8737-46345c09c238 -> Online|84|ded574b5-45a0-4f42-8737-46345c09c238 
[2026-10-07T17:21:02Z] run 06 DONE 125.5s txns=1367 window=55.0 errors=0 power=Online|84|ded574b5-45a0-4f42-8737-46345c09c238 -> Online|85|ded574b5-45a0-4f42-8737-46345c09c238 
[2026-10-07T17:23:09Z] run 07 DONE 125.6s txns=1419 window=55.0 errors=12 power=Online|85|ded574b5-45a0-4f42-8737-46345c09c238 -> Online|86|ded574b5-45a0-4f42-8737-46345c09c238 
[2026-10-07T17:25:15Z] run 08 DONE 125.5s txns=1475 window=55.0 errors=0 power=Online|86|ded574b5-45a0-4f42-8737-46345c09c238 -> Online|87|ded574b5-45a0-4f42-8737-46345c09c238 
[2026-10-07T17:27:21Z] run 09 DONE 125.5s txns=1493 window=55.0 errors=0 power=Online|87|ded574b5-45a0-4f42-8737-46345c09c238 -> Online|88|ded574b5-45a0-4f42-8737-46345c09c238 
[2026-10-07T17:29:26Z] run 10 DONE 125.4s txns=1441 window=55.0 errors=0 power=Online|88|ded574b5-45a0-4f42-8737-46345c09c238 -> Online|89|ded574b5-45a0-4f42-8737-46345c09c238 
[2026-10-07T17:31:32Z] run 11 DONE 125.6s txns=1417 window=55.0 errors=2 power=Online|89|ded574b5-45a0-4f42-8737-46345c09c238 -> Online|90|ded574b5-45a0-4f42-8737-46345c09c238 
[2026-10-07T17:33:38Z] run 12 DONE 125.5s txns=1445 window=55.0 errors=2 power=Online|90|ded574b5-45a0-4f42-8737-46345c09c238 -> Online|91|ded574b5-45a0-4f42-8737-46345c09c238 
[2026-10-07T17:35:45Z] run 13 DONE 125.7s txns=1468 window=55.0 errors=0 power=Online|91|ded574b5-45a0-4f42-8737-46345c09c238 -> Online|92|ded574b5-45a0-4f42-8737-46345c09c238 
[2026-10-07T17:37:56Z] run 14 DONE 131.0s txns=1382 window=55.0 errors=2 power=Online|92|ded574b5-45a0-4f42-8737-46345c09c238 -> Online|93|ded574b5-45a0-4f42-8737-46345c09c238 
[2026-10-07T17:40:02Z] run 15 DONE 125.4s txns=1329 window=55.0 errors=0 power=Online|93|ded574b5-45a0-4f42-8737-46345c09c238 -> Online|93|ded574b5-45a0-4f42-8737-46345c09c238 
[2026-10-07T17:42:08Z] run 16 DONE 125.7s txns=1409 window=55.0 errors=2 power=Online|93|ded574b5-45a0-4f42-8737-46345c09c238 -> Online|94|ded574b5-45a0-4f42-8737-46345c09c238 
[2026-10-07T17:44:14Z] run 17 DONE 125.8s txns=1397 window=55.0 errors=0 power=Online|94|ded574b5-45a0-4f42-8737-46345c09c238 -> Online|95|ded574b5-45a0-4f42-8737-46345c09c238 
[2026-10-07T17:46:21Z] run 18 DONE 126.1s txns=1399 window=55.0 errors=0 power=Online|95|ded574b5-45a0-4f42-8737-46345c09c238 -> Online|95|ded574b5-45a0-4f42-8737-46345c09c238 
[2026-10-07T17:48:22Z] run 19 DONE 120.5s txns=1375 window=55.0 errors=2 power=Online|95|ded574b5-45a0-4f42-8737-46345c09c238 -> Online|96|ded574b5-45a0-4f42-8737-46345c09c238 
[2026-10-07T17:50:28Z] run 20 DONE 125.5s txns=1385 window=55.0 errors=0 power=Online|96|ded574b5-45a0-4f42-8737-46345c09c238 -> Online|96|ded574b5-45a0-4f42-8737-46345c09c238 
[2026-10-07T17:52:34Z] run 21 DONE 125.7s txns=1432 window=55.0 errors=2 power=Online|96|ded574b5-45a0-4f42-8737-46345c09c238 -> Online|97|ded574b5-45a0-4f42-8737-46345c09c238 
[2026-10-07T17:54:40Z] run 22 DONE 125.5s txns=1384 window=55.0 errors=0 power=Online|97|ded574b5-45a0-4f42-8737-46345c09c238 -> Online|97|ded574b5-45a0-4f42-8737-46345c09c238 
[2026-10-07T17:56:46Z] run 23 DONE 125.6s txns=1456 window=55.0 errors=0 power=Online|97|ded574b5-45a0-4f42-8737-46345c09c238 -> Online|97|ded574b5-45a0-4f42-8737-46345c09c238 
[2026-10-07T17:58:52Z] run 24 DONE 125.6s txns=1289 window=55.0 errors=6 power=Online|97|ded574b5-45a0-4f42-8737-46345c09c238 -> Online|97|ded574b5-45a0-4f42-8737-46345c09c238 
[2026-10-07T18:01:03Z] run 25 DONE 130.6s txns=1284 window=55.0 errors=0 power=Online|97|ded574b5-45a0-4f42-8737-46345c09c238 -> Online|98|ded574b5-45a0-4f42-8737-46345c09c238 
[2026-10-07T18:03:09Z] run 26 DONE 125.5s txns=1432 window=55.0 errors=0 power=Online|98|ded574b5-45a0-4f42-8737-46345c09c238 -> Online|98|ded574b5-45a0-4f42-8737-46345c09c238 
[2026-10-07T18:05:15Z] run 27 DONE 125.5s txns=1407 window=55.0 errors=0 power=Online|98|ded574b5-45a0-4f42-8737-46345c09c238 -> Online|99|ded574b5-45a0-4f42-8737-46345c09c238 
[2026-10-07T18:07:27Z] run 28 DONE 130.9s txns=1424 window=55.0 errors=0 power=Online|99|ded574b5-45a0-4f42-8737-46345c09c238 -> Offline|97|ded574b5-45a0-4f42-8737-46345c09c238 
[2026-10-07T18:09:43Z] run 29 DONE 135.8s txns=1436 window=55.0 errors=2 power=Offline|97|ded574b5-45a0-4f42-8737-46345c09c238 -> Online|96|ded574b5-45a0-4f42-8737-46345c09c238 
[2026-10-07T18:11:49Z] run 30 DONE 125.6s txns=1374 window=55.0 errors=2 power=Online|96|ded574b5-45a0-4f42-8737-46345c09c238 -> Online|97|ded574b5-45a0-4f42-8737-46345c09c238 
[2026-10-07T18:11:49Z] END
